Component: Arm Compiler for Embedded 6.24 Tool: armlink [5f371500]

==============================================================================

Section Cross References

    startup_stm32f103xb.o(STACK) refers (Special) to heapauxi.o(.text) for __use_two_region_memory
    startup_stm32f103xb.o(HEAP) refers (Special) to heapauxi.o(.text) for __use_two_region_memory
    startup_stm32f103xb.o(RESET) refers (Special) to heapauxi.o(.text) for __use_two_region_memory
    startup_stm32f103xb.o(RESET) refers to startup_stm32f103xb.o(STACK) for __initial_sp
    startup_stm32f103xb.o(RESET) refers to startup_stm32f103xb.o(.text) for Reset_Handler
    startup_stm32f103xb.o(RESET) refers to stm32f1xx_it.o(.text.NMI_Handler) for NMI_Handler
    startup_stm32f103xb.o(RESET) refers to stm32f1xx_it.o(.text.HardFault_Handler) for HardFault_Handler
    startup_stm32f103xb.o(RESET) refers to stm32f1xx_it.o(.text.MemManage_Handler) for MemManage_Handler
    startup_stm32f103xb.o(RESET) refers to stm32f1xx_it.o(.text.BusFault_Handler) for BusFault_Handler
    startup_stm32f103xb.o(RESET) refers to stm32f1xx_it.o(.text.UsageFault_Handler) for UsageFault_Handler
    startup_stm32f103xb.o(RESET) refers to stm32f1xx_it.o(.text.SVC_Handler) for SVC_Handler
    startup_stm32f103xb.o(RESET) refers to stm32f1xx_it.o(.text.DebugMon_Handler) for DebugMon_Handler
    startup_stm32f103xb.o(RESET) refers to stm32f1xx_it.o(.text.PendSV_Handler) for PendSV_Handler
    startup_stm32f103xb.o(RESET) refers to stm32f1xx_it.o(.text.SysTick_Handler) for SysTick_Handler
    startup_stm32f103xb.o(RESET) refers to stm32f1xx_it.o(.text.DMA1_Channel3_IRQHandler) for DMA1_Channel3_IRQHandler
    startup_stm32f103xb.o(RESET) refers to stm32f1xx_it.o(.text.DMA1_Channel4_IRQHandler) for DMA1_Channel4_IRQHandler
    startup_stm32f103xb.o(RESET) refers to stm32f1xx_it.o(.text.USB_LP_CAN1_RX0_IRQHandler) for USB_LP_CAN1_RX0_IRQHandler
    startup_stm32f103xb.o(RESET) refers to stm32f1xx_it.o(.text.CAN1_RX1_IRQHandler) for CAN1_RX1_IRQHandler
    startup_stm32f103xb.o(RESET) refers to stm32f1xx_it.o(.text.TIM2_IRQHandler) for TIM2_IRQHandler
    startup_stm32f103xb.o(RESET) refers to stm32f1xx_it.o(.text.TIM4_IRQHandler) for TIM4_IRQHandler
    startup_stm32f103xb.o(RESET) refers to stm32f1xx_it.o(.text.USART1_IRQHandler) for USART1_IRQHandler
    startup_stm32f103xb.o(.text) refers (Special) to heapauxi.o(.text) for __use_two_region_memory
    startup_stm32f103xb.o(.text) refers to system_stm32f1xx.o(.text.SystemInit) for SystemInit
    startup_stm32f103xb.o(.text) refers to __main.o(!!!main) for __main
    startup_stm32f103xb.o(.text) refers to startup_stm32f103xb.o(HEAP) for Heap_Mem
    startup_stm32f103xb.o(.text) refers to startup_stm32f103xb.o(STACK) for Stack_Mem
    main.o(.text.main) refers to stm32f1xx_hal.o(.text.HAL_Init) for HAL_Init
    main.o(.text.main) refers to stm32f1xx_hal_rcc.o(.text.HAL_RCC_OscConfig) for HAL_RCC_OscConfig
    main.o(.text.main) refers to stm32f1xx_hal_rcc.o(.text.HAL_RCC_ClockConfig) for HAL_RCC_ClockConfig
    main.o(.text.main) refers to gpio.o(.text.MX_GPIO_Init) for MX_GPIO_Init
    main.o(.text.main) refers to dma.o(.text.MX_DMA_Init) for MX_DMA_Init
    main.o(.text.main) refers to can.o(.text.MX_CAN_Init) for MX_CAN_Init
    main.o(.text.main) refers to tim.o(.text.MX_TIM2_Init) for MX_TIM2_Init
    main.o(.text.main) refers to tim.o(.text.MX_TIM4_Init) for MX_TIM4_Init
    main.o(.text.main) refers to usart.o(.text.MX_USART1_UART_Init) for MX_USART1_UART_Init
    main.o(.text.main) refers to usart.o(.text.MX_USART2_UART_Init) for MX_USART2_UART_Init
    main.o(.text.main) refers to usart.o(.text.MX_USART3_UART_Init) for MX_USART3_UART_Init
    main.o(.text.main) refers to can.o(.bss.hcan) for hcan
    main.o(.text.main) refers to can_task.o(.text.CAN_Filter_Init) for CAN_Filter_Init
    main.o(.text.main) refers to chassis_task.o(.text.Chassis_Simple_Init) for Chassis_Simple_Init
    main.o(.text.main) refers to usart.o(.bss.huart3) for huart3
    main.o(.text.main) refers to usart_task.o(.bss.DBUS) for DBUS
    main.o(.text.main) refers to stm32f1xx_hal_uart.o(.text.HAL_UART_Receive_DMA) for HAL_UART_Receive_DMA
    main.o(.text.main) refers to tim.o(.bss.htim2) for htim2
    main.o(.text.main) refers to stm32f1xx_hal_tim.o(.text.HAL_TIM_Base_Start_IT) for HAL_TIM_Base_Start_IT
    main.o(.ARM.exidx.text.main) refers to main.o(.text.main) for [Anonymous Symbol]
    main.o(.text.SystemClock_Config) refers to stm32f1xx_hal_rcc.o(.text.HAL_RCC_OscConfig) for HAL_RCC_OscConfig
    main.o(.text.SystemClock_Config) refers to stm32f1xx_hal_rcc.o(.text.HAL_RCC_ClockConfig) for HAL_RCC_ClockConfig
    main.o(.ARM.exidx.text.SystemClock_Config) refers to main.o(.text.SystemClock_Config) for [Anonymous Symbol]
    main.o(.ARM.exidx.text.Error_Handler) refers to main.o(.text.Error_Handler) for [Anonymous Symbol]
    gpio.o(.ARM.exidx.text.MX_GPIO_Init) refers to gpio.o(.text.MX_GPIO_Init) for [Anonymous Symbol]
[...]
    USART_task.c                             0x00000000   Number         0  usart_task.o ABSOLUTE
    can.c                                    0x00000000   Number         0  can.o ABSOLUTE
    chassis_task.c                           0x00000000   Number         0  chassis_task.o ABSOLUTE
    dc.s                                     0x00000000   Number         0  dc.o ABSOLUTE
    dma.c                                    0x00000000   Number         0  dma.o ABSOLUTE
    gpio.c                                   0x00000000   Number         0  gpio.o ABSOLUTE
    main.c                                   0x00000000   Number         0  main.o ABSOLUTE
    motor.c                                  0x00000000   Number         0  motor.o ABSOLUTE
    startup_stm32f103xb.s                    0x00000000   Number         0  startup_stm32f103xb.o ABSOLUTE
    stm32f1xx_hal.c                          0x00000000   Number         0  stm32f1xx_hal.o ABSOLUTE
    stm32f1xx_hal_can.c                      0x00000000   Number         0  stm32f1xx_hal_can.o ABSOLUTE
    stm32f1xx_hal_cortex.c                   0x00000000   Number         0  stm32f1xx_hal_cortex.o ABSOLUTE
    stm32f1xx_hal_dma.c                      0x00000000   Number         0  stm32f1xx_hal_dma.o ABSOLUTE
    stm32f1xx_hal_exti.c                     0x00000000   Number         0  stm32f1xx_hal_exti.o ABSOLUTE
    stm32f1xx_hal_flash.c                    0x00000000   Number         0  stm32f1xx_hal_flash.o ABSOLUTE
    stm32f1xx_hal_flash_ex.c                 0x00000000   Number         0  stm32f1xx_hal_flash_ex.o ABSOLUTE
    stm32f1xx_hal_gpio.c                     0x00000000   Number         0  stm32f1xx_hal_gpio.o ABSOLUTE
    stm32f1xx_hal_gpio_ex.c                  0x00000000   Number         0  stm32f1xx_hal_gpio_ex.o ABSOLUTE
    stm32f1xx_hal_msp.c                      0x00000000   Number         0  stm32f1xx_hal_msp.o ABSOLUTE
    stm32f1xx_hal_pwr.c                      0x00000000   Number         0  stm32f1xx_hal_pwr.o ABSOLUTE
    stm32f1xx_hal_rcc.c                      0x00000000   Number         0  stm32f1xx_hal_rcc.o ABSOLUTE
    stm32f1xx_hal_rcc_ex.c                   0x00000000   Number         0  stm32f1xx_hal_rcc_ex.o ABSOLUTE
    stm32f1xx_hal_tim.c                      0x00000000   Number         0  stm32f1xx_hal_tim.o ABSOLUTE
    stm32f1xx_hal_tim_ex.c                   0x00000000   Number         0  stm32f1xx_hal_tim_ex.o ABSOLUTE
    stm32f1xx_hal_uart.c                     0x00000000   Number         0  stm32f1xx_hal_uart.o ABSOLUTE
    stm32f1xx_it.c                           0x00000000   Number         0  stm32f1xx_it.o ABSOLUTE
    system_stm32f1xx.c                       0x00000000   Number         0  system_stm32f1xx.o ABSOLUTE
    tim.c                                    0x00000000   Number         0  tim.o ABSOLUTE
    usart.c                                  0x00000000   Number         0  usart.o ABSOLUTE
    vofa.c                                   0x00000000   Number         0  vofa.o ABSOLUTE
    RESET                                    0x08000000   Section      236  startup_stm32f103xb.o(RESET)
    !!!main                                  0x080000ec   Section        8  __main.o(!!!main)
    !!!scatter                               0x080000f4   Section       92  __scatter.o(!!!scatter)
    !!handler_copy                           0x08000150   Section       26  __scatter_copy.o(!!handler_copy)
    !!handler_null                           0x0800016c   Section        2  __scatter.o(!!handler_null)
    !!handler_zi                             0x08000170   Section       28  __scatter_zi.o(!!handler_zi)
    .ARM.Collect$$libinit$$00000000          0x0800018c   Section        2  libinit.o(.ARM.Collect$$libinit$$00000000)
    .ARM.Collect$$libinit$$00000002          0x0800018e   Section        0  libinit2.o(.ARM.Collect$$libinit$$00000002)
    .ARM.Collect$$libinit$$00000004          0x0800018e   Section        0  libinit2.o(.ARM.Collect$$libinit$$00000004)
    .ARM.Collect$$libinit$$00000006          0x0800018e   Section        0  libinit2.o(.ARM.Collect$$libinit$$00000006)
    .ARM.Collect$$libinit$$0000000C          0x0800018e   Section        0  libinit2.o(.ARM.Collect$$libinit$$0000000C)
    .ARM.Collect$$libinit$$0000000E          0x0800018e   Section        0  libinit2.o(.ARM.Collect$$libinit$$0000000E)
    .ARM.Collect$$libinit$$00000010          0x0800018e   Section        0  libinit2.o(.ARM.Collect$$libinit$$00000010)
    .ARM.Collect$$libinit$$00000013          0x0800018e   Section        0  libinit2.o(.ARM.Collect$$libinit$$00000013)
    .ARM.Collect$$libinit$$00000015          0x0800018e   Section        0  libinit2.o(.ARM.Collect$$libinit$$00000015)
    .ARM.Collect$$libinit$$00000017          0x0800018e   Section        0  libinit2.o(.ARM.Collect$$libinit$$00000017)
    .ARM.Collect$$libinit$$00000019          0x0800018e   Section        0  libinit2.o(.ARM.Collect$$libinit$$00000019)
    .ARM.Collect$$libinit$$0000001B          0x0800018e   Section        0  libinit2.o(.ARM.Collect$$libinit$$0000001B)
    .ARM.Collect$$libinit$$0000001D          0x0800018e   Section        0  libinit2.o(.ARM.Collect$$libinit$$0000001D)
    .ARM.Collect$$libinit$$0000001F          0x0800018e   Section        0  libinit2.o(.ARM.Collect$$libinit$$0000001F)
    .ARM.Collect$$libinit$$00000021          0x0800018e   Section        0  libinit2.o(.ARM.Collect$$libinit$$00000021)
    .ARM.Collect$$libinit$$00000023          0x0800018e   Section        0  libinit2.o(.ARM.Collect$$libinit$$00000023)
    .ARM.Collect$$libinit$$00000025          0x0800018e   Section        0  libinit2.o(.ARM.Collect$$libinit$$00000025)
    .ARM.Collect$$libinit$$00000027          0x0800018e   Section        0  libinit2.o(.ARM.Collect$$libinit$$00000027)
    .ARM.Collect$$libinit$$0000002E          0x0800018e   Section        0  libinit2.o(.ARM.Collect$$libinit$$0000002E)
    .ARM.Collect$$libinit$$00000030          0x0800018e   Section        0  libinit2.o(.ARM.Collect$$libinit$$00000030)
    .ARM.Collect$$libinit$$00000032          0x0800018e   Section        0  libinit2.o(.ARM.Collect$$libinit$$00000032)
    .ARM.Collect$$libinit$$00000034          0x0800018e   Section        0  libinit2.o(.ARM.Collect$$libinit$$00000034)
    .ARM.Collect$$libinit$$00000035          0x0800018e   Section        2  libinit2.o(.ARM.Collect$$libinit$$00000035)
    .ARM.Collect$$libshutdown$$00000000      0x08000190   Section        2  libshutdown.o(.ARM.Collect$$libshutdown$$00000000)
    .ARM.Collect$$libshutdown$$00000002      0x08000192   Section        0  libshutdown2.o(.ARM.Collect$$libshutdown$$00000002)
    .ARM.Collect$$libshutdown$$00000004      0x08000192   Section        0  libshutdown2.o(.ARM.Collect$$libshutdown$$00000004)
    .ARM.Collect$$libshutdown$$00000007      0x08000192   Section        0  libshutdown2.o(.ARM.Collect$$libshutdown$$00000007)
    .ARM.Collect$$libshutdown$$0000000A      0x08000192   Section        0  libshutdown2.o(.ARM.Collect$$libshutdown$$0000000A)
    .ARM.Collect$$libshutdown$$0000000C      0x08000192   Section        0  libshutdown2.o(.ARM.Collect$$libshutdown$$0000000C)
    .ARM.Collect$$libshutdown$$0000000F      0x08000192   Section        0  libshutdown2.o(.ARM.Collect$$libshutdown$$0000000F)
    .ARM.Collect$$libshutdown$$00000010      0x08000192   Section        2  libshutdown2.o(.ARM.Collect$$libshutdown$$00000010)
    .ARM.Collect$$rtentry$$00000000          0x08000194   Section        0  __rtentry.o(.ARM.Collect$$rtentry$$00000000)
    .ARM.Collect$$rtentry$$00000002          0x08000194   Section        0  __rtentry2.o(.ARM.Collect$$rtentry$$00000002)
    .ARM.Collect$$rtentry$$00000004          0x08000194   Section        6  __rtentry4.o(.ARM.Collect$$rtentry$$00000004)
    .ARM.Collect$$rtentry$$00000009          0x0800019a   Section        0  __rtentry2.o(.ARM.Collect$$rtentry$$00000009)
    .ARM.Collect$$rtentry$$0000000A          0x0800019a   Section        4  __rtentry2.o(.ARM.Collect$$rtentry$$0000000A)
    .ARM.Collect$$rtentry$$0000000C          0x0800019e   Section        0  __rtentry2.o(.ARM.Collect$$rtentry$$0000000C)
    .ARM.Collect$$rtentry$$0000000D          0x0800019e   Section        8  __rtentry2.o(.ARM.Collect$$rtentry$$0000000D)
    .ARM.Collect$$rtexit$$00000000           0x080001a6   Section        2  rtexit.o(.ARM.Collect$$rtexit$$00000000)
    .ARM.Collect$$rtexit$$00000002           0x080001a8   Section        0  rtexit2.o(.ARM.Collect$$rtexit$$00000002)
    .ARM.Collect$$rtexit$$00000003           0x080001a8   Section        4  rtexit2.o(.ARM.Collect$$rtexit$$00000003)
    .ARM.Collect$$rtexit$$00000004           0x080001ac   Section        6  rtexit2.o(.ARM.Collect$$rtexit$$00000004)
    .text                                    0x080001b4   Section       64  startup_stm32f103xb.o(.text)
    .text                                    0x080001f4   Section        0  heapauxi.o(.text)
    .text                                    0x080001fa   Section       74  sys_stackheap_outer.o(.text)
    .text                                    0x08000244   Section        0  exit.o(.text)
    .text                                    0x08000258   Section        8  libspace.o(.text)
    .text                                    0x08000260   Section        0  sys_exit.o(.text)
    .text                                    0x0800026c   Section        2  use_no_semi.o(.text)
    .text                                    0x0800026e   Section        0  indicate_semi.o(.text)
    [Anonymous Symbol]                       0x08000270   Section        0  stm32f1xx_it.o(.text.BusFault_Handler)
    [Anonymous Symbol]                       0x08000274   Section        0  stm32f1xx_it.o(.text.CAN1_RX1_IRQHandler)
    [Anonymous Symbol]                       0x08000280   Section        0  can_task.o(.text.CAN_Filter_Init)
    [Anonymous Symbol]                       0x080002e4   Section        0  can_task.o(.text.CAN_send)
    [Anonymous Symbol]                       0x08000340   Section        0  chassis_task.o(.text.Chassis_Simple_Init)
    [Anonymous Symbol]                       0x08000400   Section        0  chassis_task.o(.text.Chassis_Simple_RC_Map)
    [Anonymous Symbol]                       0x0800045c   Section        0  chassis_task.o(.text.Chassis_Speed)
    [Anonymous Symbol]                       0x080005bc   Section        0  dbus.o(.text.DBUS_Resolve)
    [Anonymous Symbol]                       0x0800069c   Section        0  stm32f1xx_it.o(.text.DMA1_Channel3_IRQHandler)
    [Anonymous Symbol]                       0x080006a8   Section        0  stm32f1xx_it.o(.text.DMA1_Channel4_IRQHandler)
    [Anonymous Symbol]                       0x080006b4   Section        0  stm32f1xx_it.o(.text.DebugMon_Handler)
    [Anonymous Symbol]                       0x080006b8   Section        0  main.o(.text.Error_Handler)
    [Anonymous Symbol]                       0x080006c4   Section        0  stm32f1xx_hal_can.o(.text.HAL_CAN_ActivateNotification)
    [Anonymous Symbol]                       0x080006f4   Section        0  stm32f1xx_hal_can.o(.text.HAL_CAN_AddTxMessage)
    [Anonymous Symbol]                       0x08000798   Section        0  stm32f1xx_hal_can.o(.text.HAL_CAN_ConfigFilter)
    [Anonymous Symbol]                       0x08000884   Section        0  stm32f1xx_hal_can.o(.text.HAL_CAN_ErrorCallback)
    [Anonymous Symbol]                       0x08000888   Section        0  stm32f1xx_hal_can.o(.text.HAL_CAN_GetRxMessage)
    [Anonymous Symbol]                       0x080009b8   Section        0  stm32f1xx_hal_can.o(.text.HAL_CAN_IRQHandler)
    [Anonymous Symbol]                       0x08000c18   Section        0  stm32f1xx_hal_can.o(.text.HAL_CAN_Init)
    [Anonymous Symbol]                       0x08000d0c   Section        0  can.o(.text.HAL_CAN_MspInit)
    [Anonymous Symbol]                       0x08000dac   Section        0  stm32f1xx_hal_can.o(.text.HAL_CAN_RxFifo0FullCallback)
    [Anonymous Symbol]                       0x08000db0   Section        0  can_task.o(.text.HAL_CAN_RxFifo0MsgPendingCallback)
    [Anonymous Symbol]                       0x08000e24   Section        0  stm32f1xx_hal_can.o(.text.HAL_CAN_RxFifo1FullCallback)
    [Anonymous Symbol]                       0x08000e28   Section        0  stm32f1xx_hal_can.o(.text.HAL_CAN_RxFifo1MsgPendingCallback)
    [Anonymous Symbol]                       0x08000e2c   Section        0  stm32f1xx_hal_can.o(.text.HAL_CAN_SleepCallback)
    [Anonymous Symbol]                       0x08000e30   Section        0  stm32f1xx_hal_can.o(.text.HAL_CAN_Start)
    [Anonymous Symbol]                       0x08000e8c   Section        0  stm32f1xx_hal_can.o(.text.HAL_CAN_TxMailbox0AbortCallback)
    [Anonymous Symbol]                       0x08000e90   Section        0  stm32f1xx_hal_can.o(.text.HAL_CAN_TxMailbox0CompleteCallback)
    [Anonymous Symbol]                       0x08000e94   Section        0  stm32f1xx_hal_can.o(.text.HAL_CAN_TxMailbox1AbortCallback)
    [Anonymous Symbol]                       0x08000e98   Section        0  stm32f1xx_hal_can.o(.text.HAL_CAN_TxMailbox1CompleteCallback)
    [Anonymous Symbol]                       0x08000e9c   Section        0  stm32f1xx_hal_can.o(.text.HAL_CAN_TxMailbox2AbortCallback)
    [Anonymous Symbol]                       0x08000ea0   Section        0  stm32f1xx_hal_can.o(.text.HAL_CAN_TxMailbox2CompleteCallback)
    [Anonymous Symbol]                       0x08000ea4   Section        0  stm32f1xx_hal_can.o(.text.HAL_CAN_WakeUpFromRxMsgCallback)
    [Anonymous Symbol]                       0x08000ea8   Section        0  stm32f1xx_hal_dma.o(.text.HAL_DMA_Abort)
    [Anonymous Symbol]                       0x08000ef0   Section        0  stm32f1xx_hal_dma.o(.text.HAL_DMA_Abort_IT)
    [Anonymous Symbol]                       0x08000fa8   Section        0  stm32f1xx_hal_dma.o(.text.HAL_DMA_IRQHandler)
    [Anonymous Symbol]                       0x08001148   Section        0  stm32f1xx_hal_dma.o(.text.HAL_DMA_Init)
    [Anonymous Symbol]                       0x080011cc   Section        0  stm32f1xx_hal_dma.o(.text.HAL_DMA_Start_IT)
    [Anonymous Symbol]                       0x0800126c   Section        0  stm32f1xx_hal_gpio.o(.text.HAL_GPIO_Init)
    [Anonymous Symbol]                       0x0800147c   Section        0  stm32f1xx_hal.o(.text.HAL_GetTick)
    [Anonymous Symbol]                       0x08001488   Section        0  stm32f1xx_hal.o(.text.HAL_IncTick)
    [Anonymous Symbol]                       0x080014a4   Section        0  stm32f1xx_hal.o(.text.HAL_Init)
    [Anonymous Symbol]                       0x080014cc   Section        0  stm32f1xx_hal.o(.text.HAL_InitTick)
    [Anonymous Symbol]                       0x08001514   Section        0  stm32f1xx_hal_msp.o(.text.HAL_MspInit)
    [Anonymous Symbol]                       0x08001558   Section        0  stm32f1xx_hal_cortex.o(.text.HAL_NVIC_EnableIRQ)
    [Anonymous Symbol]                       0x0800157c   Section        0  stm32f1xx_hal_cortex.o(.text.HAL_NVIC_SetPriority)
    [Anonymous Symbol]                       0x080015d4   Section        0  stm32f1xx_hal_cortex.o(.text.HAL_NVIC_SetPriorityGrouping)
    [Anonymous Symbol]                       0x080015f4   Section        0  stm32f1xx_hal_rcc.o(.text.HAL_RCC_ClockConfig)
    [Anonymous Symbol]                       0x080017b0   Section        0  stm32f1xx_hal_rcc.o(.text.HAL_RCC_GetPCLK1Freq)
    [Anonymous Symbol]                       0x080017d8   Section        0  stm32f1xx_hal_rcc.o(.text.HAL_RCC_GetPCLK2Freq)
    [Anonymous Symbol]                       0x08001800   Section        0  stm32f1xx_hal_rcc.o(.text.HAL_RCC_OscConfig)
    [Anonymous Symbol]                       0x08001c00   Section        0  stm32f1xx_hal_cortex.o(.text.HAL_SYSTICK_Config)
    [Anonymous Symbol]                       0x08001c2c   Section        0  stm32f1xx_hal_tim_ex.o(.text.HAL_TIMEx_BreakCallback)
    [Anonymous Symbol]                       0x08001c30   Section        0  stm32f1xx_hal_tim_ex.o(.text.HAL_TIMEx_CommutCallback)
    [Anonymous Symbol]                       0x08001c34   Section        0  stm32f1xx_hal_tim_ex.o(.text.HAL_TIMEx_MasterConfigSynchronization)
    [Anonymous Symbol]                       0x08001cb4   Section        0  stm32f1xx_hal_tim.o(.text.HAL_TIM_Base_Init)
    [Anonymous Symbol]                       0x08001db0   Section        0  tim.o(.text.HAL_TIM_Base_MspInit)
    [Anonymous Symbol]                       0x08001e24   Section        0  stm32f1xx_hal_tim.o(.text.HAL_TIM_Base_Start_IT)
    [Anonymous Symbol]                       0x08001e94   Section        0  stm32f1xx_hal_tim.o(.text.HAL_TIM_ConfigClockSource)
    [Anonymous Symbol]                       0x08002034   Section        0  stm32f1xx_hal_tim.o(.text.HAL_TIM_IC_CaptureCallback)
    [Anonymous Symbol]                       0x08002038   Section        0  stm32f1xx_hal_tim.o(.text.HAL_TIM_IRQHandler)
    [Anonymous Symbol]                       0x08002188   Section        0  stm32f1xx_hal_tim.o(.text.HAL_TIM_OC_DelayElapsedCallback)
    [Anonymous Symbol]                       0x0800218c   Section        0  stm32f1xx_hal_tim.o(.text.HAL_TIM_PWM_PulseFinishedCallback)
    [Anonymous Symbol]                       0x08002190   Section        0  tim_task.o(.text.HAL_TIM_PeriodElapsedCallback)
    [Anonymous Symbol]                       0x080021f8   Section        0  stm32f1xx_hal_tim.o(.text.HAL_TIM_TriggerCallback)
    [Anonymous Symbol]                       0x080021fc   Section        0  stm32f1xx_hal_uart.o(.text.HAL_UARTEx_RxEventCallback)
    [Anonymous Symbol]                       0x08002200   Section        0  stm32f1xx_hal_uart.o(.text.HAL_UART_ErrorCallback)
    [Anonymous Symbol]                       0x08002204   Section        0  stm32f1xx_hal_uart.o(.text.HAL_UART_IRQHandler)
    [Anonymous Symbol]                       0x08002774   Section        0  stm32f1xx_hal_uart.o(.text.HAL_UART_Init)
    [Anonymous Symbol]                       0x08002858   Section        0  usart.o(.text.HAL_UART_MspInit)
    [Anonymous Symbol]                       0x08002a40   Section        0  stm32f1xx_hal_uart.o(.text.HAL_UART_Receive_DMA)
    [Anonymous Symbol]                       0x08002bac   Section        0  usart_task.o(.text.HAL_UART_RxCpltCallback)
    [Anonymous Symbol]                       0x08002bec   Section        0  stm32f1xx_hal_uart.o(.text.HAL_UART_RxHalfCpltCallback)
    [Anonymous Symbol]                       0x08002bf0   Section        0  stm32f1xx_hal_uart.o(.text.HAL_UART_TxCpltCallback)
    [Anonymous Symbol]                       0x08002bf4   Section        0  stm32f1xx_it.o(.text.HardFault_Handler)
    [Anonymous Symbol]                       0x08002bf8   Section        0  can.o(.text.MX_CAN_Init)
    [Anonymous Symbol]                       0x08002c3c   Section        0  dma.o(.text.MX_DMA_Init)
    [Anonymous Symbol]                       0x08002c80   Section        0  gpio.o(.text.MX_GPIO_Init)
    [Anonymous Symbol]                       0x08002cc4   Section        0  tim.o(.text.MX_TIM2_Init)
    [Anonymous Symbol]                       0x08002d34   Section        0  tim.o(.text.MX_TIM4_Init)
    [Anonymous Symbol]                       0x08002da8   Section        0  usart.o(.text.MX_USART1_UART_Init)
    [Anonymous Symbol]                       0x08002de4   Section        0  usart.o(.text.MX_USART2_UART_Init)
    [Anonymous Symbol]                       0x08002e24   Section        0  usart.o(.text.MX_USART3_UART_Init)
    [Anonymous Symbol]                       0x08002e6c   Section        0  stm32f1xx_it.o(.text.MemManage_Handler)
    [Anonymous Symbol]                       0x08002e70   Section        0  motor.o(.text.MotorResolve)
    [Anonymous Symbol]                       0x08002e98   Section        0  stm32f1xx_it.o(.text.NMI_Handler)
    [Anonymous Symbol]                       0x08002e9c   Section        0  motor.o(.text.PID_Init)
    [Anonymous Symbol]                       0x08002eb8   Section        0  motor.o(.text.PID_control)
    [Anonymous Symbol]                       0x08002fe8   Section        0  stm32f1xx_it.o(.text.PendSV_Handler)
    [Anonymous Symbol]                       0x08002fec   Section        0  stm32f1xx_it.o(.text.SVC_Handler)
    [Anonymous Symbol]                       0x08002ff0   Section        0  stm32f1xx_it.o(.text.SysTick_Handler)
    [Anonymous Symbol]                       0x08002ff4   Section        0  system_stm32f1xx.o(.text.SystemInit)
    [Anonymous Symbol]                       0x08002ff8   Section        0  stm32f1xx_it.o(.text.TIM2_IRQHandler)
    [Anonymous Symbol]                       0x08003004   Section        0  stm32f1xx_it.o(.text.TIM4_IRQHandler)
    UART_DMAAbortOnError                     0x08003011   Thumb Code    12  stm32f1xx_hal_uart.o(.text.UART_DMAAbortOnError)
    [Anonymous Symbol]                       0x08003010   Section        0  stm32f1xx_hal_uart.o(.text.UART_DMAAbortOnError)
    UART_DMAError                            0x0800301d   Thumb Code   380  stm32f1xx_hal_uart.o(.text.UART_DMAError)
    [Anonymous Symbol]                       0x0800301c   Section        0  stm32f1xx_hal_uart.o(.text.UART_DMAError)
    UART_DMAReceiveCplt                      0x08003199   Thumb Code   350  stm32f1xx_hal_uart.o(.text.UART_DMAReceiveCplt)
    [Anonymous Symbol]                       0x08003198   Section        0  stm32f1xx_hal_uart.o(.text.UART_DMAReceiveCplt)
    UART_DMARxHalfCplt                       0x080032f9   Thumb Code    24  stm32f1xx_hal_uart.o(.text.UART_DMARxHalfCplt)
    [Anonymous Symbol]                       0x080032f8   Section        0  stm32f1xx_hal_uart.o(.text.UART_DMARxHalfCplt)
    UART_Receive_IT                          0x08003311   Thumb Code   254  stm32f1xx_hal_uart.o(.text.UART_Receive_IT)
    [Anonymous Symbol]                       0x08003310   Section        0  stm32f1xx_hal_uart.o(.text.UART_Receive_IT)
    [Anonymous Symbol]                       0x08003410   Section        0  stm32f1xx_it.o(.text.USART1_IRQHandler)
    [Anonymous Symbol]                       0x0800341c   Section        0  stm32f1xx_it.o(.text.USB_LP_CAN1_RX0_IRQHandler)
    [Anonymous Symbol]                       0x08003428   Section        0  stm32f1xx_it.o(.text.UsageFault_Handler)
    [Anonymous Symbol]                       0x0800342c   Section        0  main.o(.text.main)
    x$fpl$d2f                                0x080034e4   Section       98  d2f.o(x$fpl$d2f)
    x$fpl$dadd                               0x08003548   Section      336  daddsub_clz.o(x$fpl$dadd)
    _dadd1                                   0x08003559   Thumb Code     0  daddsub_clz.o(x$fpl$dadd)
    x$fpl$ddiv                               0x08003698   Section      696  ddiv.o(x$fpl$ddiv)
    ddiv_entry                               0x0800369f   Thumb Code     0  ddiv.o(x$fpl$ddiv)
    x$fpl$dfix                               0x08003950   Section       94  dfix.o(x$fpl$dfix)
    x$fpl$dmul                               0x080039b0   Section      340  dmul.o(x$fpl$dmul)
    x$fpl$dnaninf                            0x08003b04   Section      156  dnaninf.o(x$fpl$dnaninf)
    x$fpl$dretinf                            0x08003ba0   Section       12  dretinf.o(x$fpl$dretinf)
    x$fpl$dsub                               0x08003bac   Section      476  daddsub_clz.o(x$fpl$dsub)
    _dsub1                                   0x08003bbd   Thumb Code     0  daddsub_clz.o(x$fpl$dsub)
    x$fpl$f2d                                0x08003d88   Section       86  f2d.o(x$fpl$f2d)
    x$fpl$fadd                               0x08003de0   Section      196  faddsub_clz.o(x$fpl$fadd)
    _fadd1                                   0x08003def   Thumb Code     0  faddsub_clz.o(x$fpl$fadd)
    x$fpl$fcmp                               0x08003ea4   Section       84  fcmp.o(x$fpl$fcmp)
    x$fpl$fcmpinf                            0x08003ef8   Section       24  fcmpi.o(x$fpl$fcmpinf)
    x$fpl$feqf                               0x08003f10   Section      104  feqf.o(x$fpl$feqf)
    x$fpl$ffix                               0x08003f78   Section       54  ffix.o(x$fpl$ffix)
    x$fpl$fflt                               0x08003fb0   Section       48  fflt_clz.o(x$fpl$fflt)
    x$fpl$fgeqf                              0x08003fe0   Section      104  fgeqf.o(x$fpl$fgeqf)
    x$fpl$fleqf                              0x08004048   Section      104  fleqf.o(x$fpl$fleqf)
    x$fpl$fmul                               0x080040b0   Section      258  fmul.o(x$fpl$fmul)
    x$fpl$fnaninf                            0x080041b2   Section      140  fnaninf.o(x$fpl$fnaninf)
    x$fpl$fretinf                            0x0800423e   Section       10  fretinf.o(x$fpl$fretinf)
    x$fpl$fsub                               0x08004248   Section      234  faddsub_clz.o(x$fpl$fsub)
    _fsub1                                   0x08004257   Thumb Code     0  faddsub_clz.o(x$fpl$fsub)
    x$fpl$usenofp                            0x08004332   Section        0  usenofp.o(x$fpl$usenofp)
    .Lswitch.table.CAN_Calc                  0x08004334   Data          16  can_task.o(.rodata..Lswitch.table.CAN_Calc)
    HAL_RCC_GetSysClockFreq.aPredivFactorTable 0x0800435c   Data           2  stm32f1xx_hal_rcc.o(.rodata.HAL_RCC_GetSysClockFreq.aPredivFactorTable)
    [Anonymous Symbol]                       0x0800435c   Section        0  stm32f1xx_hal_rcc.o(.rodata.HAL_RCC_GetSysClockFreq.aPredivFactorTable)
    HAL_RCC_GetSysClockFreq.aPLLMULFactorTable 0x0800435e   Data          16  stm32f1xx_hal_rcc.o(.rodata.cst16)
    [Anonymous Symbol]                       0x0800435e   Section        0  stm32f1xx_hal_rcc.o(.rodata.cst16)
    .L_MergedGlobals                         0x20000000   Data           8  stm32f1xx_hal.o(.data..L_MergedGlobals)
    [Anonymous Symbol]                       0x20000000   Section        0  stm32f1xx_hal.o(.data..L_MergedGlobals)
    .bss                                     0x20000010   Section       96  libspace.o(.bss)
    .L_MergedGlobals                         0x20000070   Data          36  can_task.o(.bss..L_MergedGlobals)
    [Anonymous Symbol]                       0x20000070   Section        0  can_task.o(.bss..L_MergedGlobals)
    Heap_Mem                                 0x20000518   Data         512  startup_stm32f103xb.o(HEAP)
    HEAP                                     0x20000518   Section      512  startup_stm32f103xb.o(HEAP)
    Stack_Mem                                0x20000718   Data        1024  startup_stm32f103xb.o(STACK)
    STACK                                    0x20000718   Section     1024  startup_stm32f103xb.o(STACK)
    __initial_sp                             0x20000b18   Data           0  startup_stm32f103xb.o(STACK)

    Global Symbols

    Symbol Name                              Value     Ov Type        Size  Object(Section)

    BuildAttributes$$THM_ISAv4$P$D$K$B$S$PE$A:L22UL41UL21$X:L11$S22US41US21$IEEE1$IW$~IW$USESV6$~STKCKD$USESV7$~SHL$OTIME$ROPI$EBA8$UX$STANDARDLIB$REQ8$PRES8$EABIv2 0x00000000   Number         0  anon$$obj.o ABSOLUTE
    __fp_init_empty                          0x00000000   Number         0  fpinit_empty.o ABSOLUTE
    __ARM_exceptions_init                     - Undefined Weak Reference
    __alloca_initialize                       - Undefined Weak Reference
    __arm_preinit_                            - Undefined Weak Reference
    __arm_relocate_pie_                       - Undefined Weak Reference
    __cpp_initialize__aeabi_                  - Undefined Weak Reference
    __cxa_finalize                            - Undefined Weak Reference
    __rt_locale                               - Undefined Weak Reference
    __sigvec_lookup                           - Undefined Weak Reference
    _atexit_init                              - Undefined Weak Reference
    _call_atexit_fns                          - Undefined Weak Reference
    _clock_init                               - Undefined Weak Reference
    _fp_trap_init                             - Undefined Weak Reference
    _fp_trap_shutdown                         - Undefined Weak Reference
    _get_lc_collate                           - Undefined Weak Reference
    _get_lc_ctype                             - Undefined Weak Reference
    _get_lc_monetary                          - Undefined Weak Reference
    _get_lc_numeric                           - Undefined Weak Reference
    _get_lc_time                              - Undefined Weak Reference
    _getenv_init                              - Undefined Weak Reference
    _handle_redirection                       - Undefined Weak Reference
    _init_alloc                               - Undefined Weak Reference
    _init_user_alloc                          - Undefined Weak Reference
    _initio                                   - Undefined Weak Reference
    _rand_init                                - Undefined Weak Reference
    _signal_finish                            - Undefined Weak Reference
    _signal_init                              - Undefined Weak Reference
    _terminate_alloc                          - Undefined Weak Reference
    _terminate_user_alloc                     - Undefined Weak Reference
    _terminateio                              - Undefined Weak Reference
    __Vectors_Size                           0x000000ec   Number         0  startup_stm32f103xb.o ABSOLUTE
    __Vectors                                0x08000000   Data           4  startup_stm32f103xb.o(RESET)
    __Vectors_End                            0x080000ec   Data           0  startup_stm32f103xb.o(RESET)
    __main                                   0x080000ed   Thumb Code     8  __main.o(!!!main)
    __scatterload                            0x080000f5   Thumb Code     0  __scatter.o(!!!scatter)
    __scatterload_rt2                        0x080000f5   Thumb Code    84  __scatter.o(!!!scatter)
    __scatterload_rt2_thumb_only             0x080000f5   Thumb Code     0  __scatter.o(!!!scatter)
    __scatterload_loop                       0x080000ff   Thumb Code     0  __scatter.o(!!!scatter)
    __scatterload_copy                       0x08000151   Thumb Code    26  __scatter_copy.o(!!handler_copy)
    __scatterload_null                       0x0800016d   Thumb Code     2  __scatter.o(!!handler_null)
    __scatterload_zeroinit                   0x08000171   Thumb Code    28  __scatter_zi.o(!!handler_zi)
    __rt_lib_init                            0x0800018d   Thumb Code     0  libinit.o(.ARM.Collect$$libinit$$00000000)
    __rt_lib_init_alloca_1                   0x0800018f   Thumb Code     0  libinit2.o(.ARM.Collect$$libinit$$00000030)
    __rt_lib_init_argv_1                     0x0800018f   Thumb Code     0  libinit2.o(.ARM.Collect$$libinit$$0000002E)
    __rt_lib_init_atexit_1                   0x0800018f   Thumb Code     0  libinit2.o(.ARM.Collect$$libinit$$0000001D)
    __rt_lib_init_clock_1                    0x0800018f   Thumb Code     0  libinit2.o(.ARM.Collect$$libinit$$00000023)
    __rt_lib_init_cpp_1                      0x0800018f   Thumb Code     0  libinit2.o(.ARM.Collect$$libinit$$00000034)
    __rt_lib_init_exceptions_1               0x0800018f   Thumb Code     0  libinit2.o(.ARM.Collect$$libinit$$00000032)
    __rt_lib_init_fp_1                       0x0800018f   Thumb Code     0  libinit2.o(.ARM.Collect$$libinit$$00000002)
    __rt_lib_init_fp_trap_1                  0x0800018f   Thumb Code     0  libinit2.o(.ARM.Collect$$libinit$$00000021)
    __rt_lib_init_getenv_1                   0x0800018f   Thumb Code     0  libinit2.o(.ARM.Collect$$libinit$$00000025)
    __rt_lib_init_heap_1                     0x0800018f   Thumb Code     0  libinit2.o(.ARM.Collect$$libinit$$0000000C)
    __rt_lib_init_lc_collate_1               0x0800018f   Thumb Code     0  libinit2.o(.ARM.Collect$$libinit$$00000013)
    __rt_lib_init_lc_ctype_1                 0x0800018f   Thumb Code     0  libinit2.o(.ARM.Collect$$libinit$$00000015)
    __rt_lib_init_lc_monetary_1              0x0800018f   Thumb Code     0  libinit2.o(.ARM.Collect$$libinit$$00000017)
    __rt_lib_init_lc_numeric_1               0x0800018f   Thumb Code     0  libinit2.o(.ARM.Collect$$libinit$$00000019)
    __rt_lib_init_lc_time_1                  0x0800018f   Thumb Code     0  libinit2.o(.ARM.Collect$$libinit$$0000001B)
    __rt_lib_init_preinit_1                  0x0800018f   Thumb Code     0  libinit2.o(.ARM.Collect$$libinit$$00000006)
    __rt_lib_init_rand_1                     0x0800018f   Thumb Code     0  libinit2.o(.ARM.Collect$$libinit$$00000010)
    __rt_lib_init_relocate_pie_1             0x0800018f   Thumb Code     0  libinit2.o(.ARM.Collect$$libinit$$00000004)
    __rt_lib_init_return                     0x0800018f   Thumb Code     0  libinit2.o(.ARM.Collect$$libinit$$00000035)
    __rt_lib_init_signal_1                   0x0800018f   Thumb Code     0  libinit2.o(.ARM.Collect$$libinit$$0000001F)
    __rt_lib_init_stdio_1                    0x0800018f   Thumb Code     0  libinit2.o(.ARM.Collect$$libinit$$00000027)
    __rt_lib_init_user_alloc_1               0x0800018f   Thumb Code     0  libinit2.o(.ARM.Collect$$libinit$$0000000E)
    __rt_lib_shutdown                        0x08000191   Thumb Code     0  libshutdown.o(.ARM.Collect$$libshutdown$$00000000)
    __rt_lib_shutdown_cpp_1                  0x08000193   Thumb Code     0  libshutdown2.o(.ARM.Collect$$libshutdown$$00000002)
    __rt_lib_shutdown_fp_trap_1              0x08000193   Thumb Code     0  libshutdown2.o(.ARM.Collect$$libshutdown$$00000007)
    __rt_lib_shutdown_heap_1                 0x08000193   Thumb Code     0  libshutdown2.o(.ARM.Collect$$libshutdown$$0000000F)
    __rt_lib_shutdown_return                 0x08000193   Thumb Code     0  libshutdown2.o(.ARM.Collect$$libshutdown$$00000010)
    __rt_lib_shutdown_signal_1               0x08000193   Thumb Code     0  libshutdown2.o(.ARM.Collect$$libshutdown$$0000000A)
    __rt_lib_shutdown_stdio_1                0x08000193   Thumb Code     0  libshutdown2.o(.ARM.Collect$$libshutdown$$00000004)
    __rt_lib_shutdown_user_alloc_1           0x08000193   Thumb Code     0  libshutdown2.o(.ARM.Collect$$libshutdown$$0000000C)
    __rt_entry                               0x08000195   Thumb Code     0  __rtentry.o(.ARM.Collect$$rtentry$$00000000)
    __rt_entry_presh_1                       0x08000195   Thumb Code     0  __rtentry2.o(.ARM.Collect$$rtentry$$00000002)
    __rt_entry_sh                            0x08000195   Thumb Code     0  __rtentry4.o(.ARM.Collect$$rtentry$$00000004)
    __rt_entry_li                            0x0800019b   Thumb Code     0  __rtentry2.o(.ARM.Collect$$rtentry$$0000000A)
    __rt_entry_postsh_1                      0x0800019b   Thumb Code     0  __rtentry2.o(.ARM.Collect$$rtentry$$00000009)
    __rt_entry_main                          0x0800019f   Thumb Code     0  __rtentry2.o(.ARM.Collect$$rtentry$$0000000D)
    __rt_entry_postli_1                      0x0800019f   Thumb Code     0  __rtentry2.o(.ARM.Collect$$rtentry$$0000000C)
    __rt_exit                                0x080001a7   Thumb Code     0  rtexit.o(.ARM.Collect$$rtexit$$00000000)
    __rt_exit_ls                             0x080001a9   Thumb Code     0  rtexit2.o(.ARM.Collect$$rtexit$$00000003)
    __rt_exit_prels_1                        0x080001a9   Thumb Code     0  rtexit2.o(.ARM.Collect$$rtexit$$00000002)
    __rt_exit_exit                           0x080001ad   Thumb Code     0  rtexit2.o(.ARM.Collect$$rtexit$$00000004)
    Reset_Handler                            0x080001b5   Thumb Code     8  startup_stm32f103xb.o(.text)
    ADC1_2_IRQHandler                        0x080001cf   Thumb Code     0  startup_stm32f103xb.o(.text)
    CAN1_SCE_IRQHandler                      0x080001cf   Thumb Code     0  startup_stm32f103xb.o(.text)
    DMA1_Channel1_IRQHandler                 0x080001cf   Thumb Code     0  startup_stm32f103xb.o(.text)
    DMA1_Channel2_IRQHandler                 0x080001cf   Thumb Code     0  startup_stm32f103xb.o(.text)
    DMA1_Channel5_IRQHandler                 0x080001cf   Thumb Code     0  startup_stm32f103xb.o(.text)
    DMA1_Channel6_IRQHandler                 0x080001cf   Thumb Code     0  startup_stm32f103xb.o(.text)
    DMA1_Channel7_IRQHandler                 0x080001cf   Thumb Code     0  startup_stm32f103xb.o(.text)
    EXTI0_IRQHandler                         0x080001cf   Thumb Code     0  startup_stm32f103xb.o(.text)
    EXTI15_10_IRQHandler                     0x080001cf   Thumb Code     0  startup_stm32f103xb.o(.text)
    EXTI1_IRQHandler                         0x080001cf   Thumb Code     0  startup_stm32f103xb.o(.text)
    EXTI2_IRQHandler                         0x080001cf   Thumb Code     0  startup_stm32f103xb.o(.text)
    EXTI3_IRQHandler                         0x080001cf   Thumb Code     0  startup_stm32f103xb.o(.text)
    EXTI4_IRQHandler                         0x080001cf   Thumb Code     0  startup_stm32f103xb.o(.text)
    EXTI9_5_IRQHandler                       0x080001cf   Thumb Code     0  startup_stm32f103xb.o(.text)
    FLASH_IRQHandler                         0x080001cf   Thumb Code     0  startup_stm32f103xb.o(.text)
    I2C1_ER_IRQHandler                       0x080001cf   Thumb Code     0  startup_stm32f103xb.o(.text)
    I2C1_EV_IRQHandler                       0x080001cf   Thumb Code     0  startup_stm32f103xb.o(.text)
    I2C2_ER_IRQHandler                       0x080001cf   Thumb Code     0  startup_stm32f103xb.o(.text)
    I2C2_EV_IRQHandler                       0x080001cf   Thumb Code     0  startup_stm32f103xb.o(.text)
    PVD_IRQHandler                           0x080001cf   Thumb Code     0  startup_stm32f103xb.o(.text)
    RCC_IRQHandler                           0x080001cf   Thumb Code     0  startup_stm32f103xb.o(.text)
    RTC_Alarm_IRQHandler                     0x080001cf   Thumb Code     0  startup_stm32f103xb.o(.text)
    RTC_IRQHandler                           0x080001cf   Thumb Code     0  startup_stm32f103xb.o(.text)
    SPI1_IRQHandler                          0x080001cf   Thumb Code     0  startup_stm32f103xb.o(.text)
    SPI2_IRQHandler                          0x080001cf   Thumb Code     0  startup_stm32f103xb.o(.text)
    TAMPER_IRQHandler                        0x080001cf   Thumb Code     0  startup_stm32f103xb.o(.text)
    TIM1_BRK_IRQHandler                      0x080001cf   Thumb Code     0  startup_stm32f103xb.o(.text)
    TIM1_CC_IRQHandler                       0x080001cf   Thumb Code     0  startup_stm32f103xb.o(.text)
    TIM1_TRG_COM_IRQHandler                  0x080001cf   Thumb Code     0  startup_stm32f103xb.o(.text)
    TIM1_UP_IRQHandler                       0x080001cf   Thumb Code     0  startup_stm32f103xb.o(.text)
    TIM3_IRQHandler                          0x080001cf   Thumb Code     0  startup_stm32f103xb.o(.text)
    USART2_IRQHandler                        0x080001cf   Thumb Code     0  startup_stm32f103xb.o(.text)
    USART3_IRQHandler                        0x080001cf   Thumb Code     0  startup_stm32f103xb.o(.text)
    USBWakeUp_IRQHandler                     0x080001cf   Thumb Code     0  startup_stm32f103xb.o(.text)
    USB_HP_CAN1_TX_IRQHandler                0x080001cf   Thumb Code     0  startup_stm32f103xb.o(.text)
    WWDG_IRQHandler                          0x080001cf   Thumb Code     0  startup_stm32f103xb.o(.text)
    __user_initial_stackheap                 0x080001d1   Thumb Code     0  startup_stm32f103xb.o(.text)
    __use_two_region_memory                  0x080001f5   Thumb Code     2  heapauxi.o(.text)
    __rt_heap_escrow$2region                 0x080001f7   Thumb Code     2  heapauxi.o(.text)
    __rt_heap_expand$2region                 0x080001f9   Thumb Code     2  heapauxi.o(.text)
    __user_setup_stackheap                   0x080001fb   Thumb Code    74  sys_stackheap_outer.o(.text)
    exit                                     0x08000245   Thumb Code    18  exit.o(.text)
    __user_libspace                          0x08000259   Thumb Code     8  libspace.o(.text)
    __user_perproc_libspace                  0x08000259   Thumb Code     0  libspace.o(.text)
    __user_perthread_libspace                0x08000259   Thumb Code     0  libspace.o(.text)
    _sys_exit                                0x08000261   Thumb Code     8  sys_exit.o(.text)
    __I$use$semihosting                      0x0800026d   Thumb Code     0  use_no_semi.o(.text)
    __use_no_semihosting_swi                 0x0800026d   Thumb Code     2  use_no_semi.o(.text)
    __semihosting_library_function           0x0800026f   Thumb Code     0  indicate_semi.o(.text)
    BusFault_Handler                         0x08000271   Thumb Code     2  stm32f1xx_it.o(.text.BusFault_Handler)
    CAN1_RX1_IRQHandler                      0x08000275   Thumb Code    12  stm32f1xx_it.o(.text.CAN1_RX1_IRQHandler)
    CAN_Filter_Init                          0x08000281   Thumb Code    98  can_task.o(.text.CAN_Filter_Init)
    CAN_send                                 0x080002e5   Thumb Code    90  can_task.o(.text.CAN_send)
    Chassis_Simple_Init                      0x08000341   Thumb Code   192  chassis_task.o(.text.Chassis_Simple_Init)
    Chassis_Simple_RC_Map                    0x08000401   Thumb Code    90  chassis_task.o(.text.Chassis_Simple_RC_Map)
    Chassis_Speed                            0x0800045d   Thumb Code   352  chassis_task.o(.text.Chassis_Speed)
    DBUS_Resolve                             0x080005bd   Thumb Code   222  dbus.o(.text.DBUS_Resolve)
    DMA1_Channel3_IRQHandler                 0x0800069d   Thumb Code    12  stm32f1xx_it.o(.text.DMA1_Channel3_IRQHandler)
    DMA1_Channel4_IRQHandler                 0x080006a9   Thumb Code    12  stm32f1xx_it.o(.text.DMA1_Channel4_IRQHandler)
    DebugMon_Handler                         0x080006b5   Thumb Code     2  stm32f1xx_it.o(.text.DebugMon_Handler)
    Error_Handler                            0x080006b9   Thumb Code    10  main.o(.text.Error_Handler)
    HAL_CAN_ActivateNotification             0x080006c5   Thumb Code    46  stm32f1xx_hal_can.o(.text.HAL_CAN_ActivateNotification)
    HAL_CAN_AddTxMessage                     0x080006f5   Thumb Code   164  stm32f1xx_hal_can.o(.text.HAL_CAN_AddTxMessage)
    HAL_CAN_ConfigFilter                     0x08000799   Thumb Code   234  stm32f1xx_hal_can.o(.text.HAL_CAN_ConfigFilter)
    HAL_CAN_ErrorCallback                    0x08000885   Thumb Code     2  stm32f1xx_hal_can.o(.text.HAL_CAN_ErrorCallback)
    HAL_CAN_GetRxMessage                     0x08000889   Thumb Code   302  stm32f1xx_hal_can.o(.text.HAL_CAN_GetRxMessage)
    HAL_CAN_IRQHandler                       0x080009b9   Thumb Code   606  stm32f1xx_hal_can.o(.text.HAL_CAN_IRQHandler)
    HAL_CAN_Init                             0x08000c19   Thumb Code   244  stm32f1xx_hal_can.o(.text.HAL_CAN_Init)
    HAL_CAN_MspInit                          0x08000d0d   Thumb Code   158  can.o(.text.HAL_CAN_MspInit)
    HAL_CAN_RxFifo0FullCallback              0x08000dad   Thumb Code     2  stm32f1xx_hal_can.o(.text.HAL_CAN_RxFifo0FullCallback)
    HAL_CAN_RxFifo0MsgPendingCallback        0x08000db1   Thumb Code   114  can_task.o(.text.HAL_CAN_RxFifo0MsgPendingCallback)
    HAL_CAN_RxFifo1FullCallback              0x08000e25   Thumb Code     2  stm32f1xx_hal_can.o(.text.HAL_CAN_RxFifo1FullCallback)
    HAL_CAN_RxFifo1MsgPendingCallback        0x08000e29   Thumb Code     2  stm32f1xx_hal_can.o(.text.HAL_CAN_RxFifo1MsgPendingCallback)
    HAL_CAN_SleepCallback                    0x08000e2d   Thumb Code     2  stm32f1xx_hal_can.o(.text.HAL_CAN_SleepCallback)
    HAL_CAN_Start                            0x08000e31   Thumb Code    90  stm32f1xx_hal_can.o(.text.HAL_CAN_Start)
    HAL_CAN_TxMailbox0AbortCallback          0x08000e8d   Thumb Code     2  stm32f1xx_hal_can.o(.text.HAL_CAN_TxMailbox0AbortCallback)
    HAL_CAN_TxMailbox0CompleteCallback       0x08000e91   Thumb Code     2  stm32f1xx_hal_can.o(.text.HAL_CAN_TxMailbox0CompleteCallback)
    HAL_CAN_TxMailbox1AbortCallback          0x08000e95   Thumb Code     2  stm32f1xx_hal_can.o(.text.HAL_CAN_TxMailbox1AbortCallback)
    HAL_CAN_TxMailbox1CompleteCallback       0x08000e99   Thumb Code     2  stm32f1xx_hal_can.o(.text.HAL_CAN_TxMailbox1CompleteCallback)
    HAL_CAN_TxMailbox2AbortCallback          0x08000e9d   Thumb Code     2  stm32f1xx_hal_can.o(.text.HAL_CAN_TxMailbox2AbortCallback)
    HAL_CAN_TxMailbox2CompleteCallback       0x08000ea1   Thumb Code     2  stm32f1xx_hal_can.o(.text.HAL_CAN_TxMailbox2CompleteCallback)
    HAL_CAN_WakeUpFromRxMsgCallback          0x08000ea5   Thumb Code     2  stm32f1xx_hal_can.o(.text.HAL_CAN_WakeUpFromRxMsgCallback)
    HAL_DMA_Abort                            0x08000ea9   Thumb Code    70  stm32f1xx_hal_dma.o(.text.HAL_DMA_Abort)
    HAL_DMA_Abort_IT                         0x08000ef1   Thumb Code   182  stm32f1xx_hal_dma.o(.text.HAL_DMA_Abort_IT)
    HAL_DMA_IRQHandler                       0x08000fa9   Thumb Code   416  stm32f1xx_hal_dma.o(.text.HAL_DMA_IRQHandler)
    HAL_DMA_Init                             0x08001149   Thumb Code   132  stm32f1xx_hal_dma.o(.text.HAL_DMA_Init)
    HAL_DMA_Start_IT                         0x080011cd   Thumb Code   160  stm32f1xx_hal_dma.o(.text.HAL_DMA_Start_IT)
    HAL_GPIO_Init                            0x0800126d   Thumb Code   526  stm32f1xx_hal_gpio.o(.text.HAL_GPIO_Init)
    HAL_GetTick                              0x0800147d   Thumb Code    12  stm32f1xx_hal.o(.text.HAL_GetTick)
    HAL_IncTick                              0x08001489   Thumb Code    26  stm32f1xx_hal.o(.text.HAL_IncTick)
    HAL_Init                                 0x080014a5   Thumb Code    38  stm32f1xx_hal.o(.text.HAL_Init)
    HAL_InitTick                             0x080014cd   Thumb Code    72  stm32f1xx_hal.o(.text.HAL_InitTick)
    HAL_MspInit                              0x08001515   Thumb Code    66  stm32f1xx_hal_msp.o(.text.HAL_MspInit)
    HAL_NVIC_EnableIRQ                       0x08001559   Thumb Code    34  stm32f1xx_hal_cortex.o(.text.HAL_NVIC_EnableIRQ)
    HAL_NVIC_SetPriority                     0x0800157d   Thumb Code    86  stm32f1xx_hal_cortex.o(.text.HAL_NVIC_SetPriority)
    HAL_NVIC_SetPriorityGrouping             0x080015d5   Thumb Code    32  stm32f1xx_hal_cortex.o(.text.HAL_NVIC_SetPriorityGrouping)
    HAL_RCC_ClockConfig                      0x080015f5   Thumb Code   442  stm32f1xx_hal_rcc.o(.text.HAL_RCC_ClockConfig)
    HAL_RCC_GetPCLK1Freq                     0x080017b1   Thumb Code    38  stm32f1xx_hal_rcc.o(.text.HAL_RCC_GetPCLK1Freq)
    HAL_RCC_GetPCLK2Freq                     0x080017d9   Thumb Code    38  stm32f1xx_hal_rcc.o(.text.HAL_RCC_GetPCLK2Freq)
    HAL_RCC_OscConfig                        0x08001801   Thumb Code  1024  stm32f1xx_hal_rcc.o(.text.HAL_RCC_OscConfig)
    HAL_SYSTICK_Config                       0x08001c01   Thumb Code    44  stm32f1xx_hal_cortex.o(.text.HAL_SYSTICK_Config)
    HAL_TIMEx_BreakCallback                  0x08001c2d   Thumb Code     2  stm32f1xx_hal_tim_ex.o(.text.HAL_TIMEx_BreakCallback)
    HAL_TIMEx_CommutCallback                 0x08001c31   Thumb Code     2  stm32f1xx_hal_tim_ex.o(.text.HAL_TIMEx_CommutCallback)
    HAL_TIMEx_MasterConfigSynchronization    0x08001c35   Thumb Code   126  stm32f1xx_hal_tim_ex.o(.text.HAL_TIMEx_MasterConfigSynchronization)
    HAL_TIM_Base_Init                        0x08001cb5   Thumb Code   250  stm32f1xx_hal_tim.o(.text.HAL_TIM_Base_Init)
    HAL_TIM_Base_MspInit                     0x08001db1   Thumb Code   116  tim.o(.text.HAL_TIM_Base_MspInit)
    HAL_TIM_Base_Start_IT                    0x08001e25   Thumb Code   110  stm32f1xx_hal_tim.o(.text.HAL_TIM_Base_Start_IT)
    HAL_TIM_ConfigClockSource                0x08001e95   Thumb Code   416  stm32f1xx_hal_tim.o(.text.HAL_TIM_ConfigClockSource)
    HAL_TIM_IC_CaptureCallback               0x08002035   Thumb Code     2  stm32f1xx_hal_tim.o(.text.HAL_TIM_IC_CaptureCallback)
    HAL_TIM_IRQHandler                       0x08002039   Thumb Code   334  stm32f1xx_hal_tim.o(.text.HAL_TIM_IRQHandler)
    HAL_TIM_OC_DelayElapsedCallback          0x08002189   Thumb Code     2  stm32f1xx_hal_tim.o(.text.HAL_TIM_OC_DelayElapsedCallback)
    HAL_TIM_PWM_PulseFinishedCallback        0x0800218d   Thumb Code     2  stm32f1xx_hal_tim.o(.text.HAL_TIM_PWM_PulseFinishedCallback)
    HAL_TIM_PeriodElapsedCallback            0x08002191   Thumb Code   102  tim_task.o(.text.HAL_TIM_PeriodElapsedCallback)
    HAL_TIM_TriggerCallback                  0x080021f9   Thumb Code     2  stm32f1xx_hal_tim.o(.text.HAL_TIM_TriggerCallback)
    HAL_UARTEx_RxEventCallback               0x080021fd   Thumb Code     2  stm32f1xx_hal_uart.o(.text.HAL_UARTEx_RxEventCallback)
    HAL_UART_ErrorCallback                   0x08002201   Thumb Code     2  stm32f1xx_hal_uart.o(.text.HAL_UART_ErrorCallback)
    HAL_UART_IRQHandler                      0x08002205   Thumb Code  1392  stm32f1xx_hal_uart.o(.text.HAL_UART_IRQHandler)
    HAL_UART_Init                            0x08002775   Thumb Code   226  stm32f1xx_hal_uart.o(.text.HAL_UART_Init)
    HAL_UART_MspInit                         0x08002859   Thumb Code   486  usart.o(.text.HAL_UART_MspInit)
    HAL_UART_Receive_DMA                     0x08002a41   Thumb Code   364  stm32f1xx_hal_uart.o(.text.HAL_UART_Receive_DMA)
    HAL_UART_RxCpltCallback                  0x08002bad   Thumb Code    62  usart_task.o(.text.HAL_UART_RxCpltCallback)
    HAL_UART_RxHalfCpltCallback              0x08002bed   Thumb Code     2  stm32f1xx_hal_uart.o(.text.HAL_UART_RxHalfCpltCallback)
    HAL_UART_TxCpltCallback                  0x08002bf1   Thumb Code     2  stm32f1xx_hal_uart.o(.text.HAL_UART_TxCpltCallback)
    HardFault_Handler                        0x08002bf5   Thumb Code     2  stm32f1xx_it.o(.text.HardFault_Handler)
    MX_CAN_Init                              0x08002bf9   Thumb Code    66  can.o(.text.MX_CAN_Init)
    MX_DMA_Init                              0x08002c3d   Thumb Code    68  dma.o(.text.MX_DMA_Init)
    MX_GPIO_Init                             0x08002c81   Thumb Code    68  gpio.o(.text.MX_GPIO_Init)
    MX_TIM2_Init                             0x08002cc5   Thumb Code   112  tim.o(.text.MX_TIM2_Init)
    MX_TIM4_Init                             0x08002d35   Thumb Code   116  tim.o(.text.MX_TIM4_Init)
    MX_USART1_UART_Init                      0x08002da9   Thumb Code    60  usart.o(.text.MX_USART1_UART_Init)
    MX_USART2_UART_Init                      0x08002de5   Thumb Code    64  usart.o(.text.MX_USART2_UART_Init)
    MX_USART3_UART_Init                      0x08002e25   Thumb Code    72  usart.o(.text.MX_USART3_UART_Init)
    MemManage_Handler                        0x08002e6d   Thumb Code     2  stm32f1xx_it.o(.text.MemManage_Handler)
    MotorResolve                             0x08002e71   Thumb Code    38  motor.o(.text.MotorResolve)
    NMI_Handler                              0x08002e99   Thumb Code     2  stm32f1xx_it.o(.text.NMI_Handler)
    PID_Init                                 0x08002e9d   Thumb Code    28  motor.o(.text.PID_Init)
    PID_control                              0x08002eb9   Thumb Code   304  motor.o(.text.PID_control)
    PendSV_Handler                           0x08002fe9   Thumb Code     2  stm32f1xx_it.o(.text.PendSV_Handler)
    SVC_Handler                              0x08002fed   Thumb Code     2  stm32f1xx_it.o(.text.SVC_Handler)
    SysTick_Handler                          0x08002ff1   Thumb Code     4  stm32f1xx_it.o(.text.SysTick_Handler)
    SystemInit                               0x08002ff5   Thumb Code     2  system_stm32f1xx.o(.text.SystemInit)
    TIM2_IRQHandler                          0x08002ff9   Thumb Code    12  stm32f1xx_it.o(.text.TIM2_IRQHandler)
    TIM4_IRQHandler                          0x08003005   Thumb Code    12  stm32f1xx_it.o(.text.TIM4_IRQHandler)
    USART1_IRQHandler                        0x08003411   Thumb Code    12  stm32f1xx_it.o(.text.USART1_IRQHandler)
    USB_LP_CAN1_RX0_IRQHandler               0x0800341d   Thumb Code    12  stm32f1xx_it.o(.text.USB_LP_CAN1_RX0_IRQHandler)
    UsageFault_Handler                       0x08003429   Thumb Code     2  stm32f1xx_it.o(.text.UsageFault_Handler)
    main                                     0x0800342d   Thumb Code   182  main.o(.text.main)
    __aeabi_d2f                              0x080034e5   Thumb Code     0  d2f.o(x$fpl$d2f)
    _d2f                                     0x080034e5   Thumb Code    98  d2f.o(x$fpl$d2f)
    __aeabi_dadd                             0x08003549   Thumb Code     0  daddsub_clz.o(x$fpl$dadd)
    _dadd                                    0x08003549   Thumb Code   332  daddsub_clz.o(x$fpl$dadd)
    __aeabi_ddiv                             0x08003699   Thumb Code     0  ddiv.o(x$fpl$ddiv)
    _ddiv                                    0x08003699   Thumb Code   560  ddiv.o(x$fpl$ddiv)
    __aeabi_d2iz                             0x08003951   Thumb Code     0  dfix.o(x$fpl$dfix)
    _dfix                                    0x08003951   Thumb Code    94  dfix.o(x$fpl$dfix)
    __aeabi_dmul                             0x080039b1   Thumb Code     0  dmul.o(x$fpl$dmul)
    _dmul                                    0x080039b1   Thumb Code   332  dmul.o(x$fpl$dmul)
    __fpl_dnaninf                            0x08003b05   Thumb Code   156  dnaninf.o(x$fpl$dnaninf)
    __fpl_dretinf                            0x08003ba1   Thumb Code    12  dretinf.o(x$fpl$dretinf)
    __aeabi_dsub                             0x08003bad   Thumb Code     0  daddsub_clz.o(x$fpl$dsub)
    _dsub                                    0x08003bad   Thumb Code   472  daddsub_clz.o(x$fpl$dsub)
    __aeabi_f2d                              0x08003d89   Thumb Code     0  f2d.o(x$fpl$f2d)
    _f2d                                     0x08003d89   Thumb Code    86  f2d.o(x$fpl$f2d)
    __aeabi_fadd                             0x08003de1   Thumb Code     0  faddsub_clz.o(x$fpl$fadd)
    _fadd                                    0x08003de1   Thumb Code   196  faddsub_clz.o(x$fpl$fadd)
    __aeabi_fcmpeq                           0x08003ea5   Thumb Code     0  fcmp.o(x$fpl$fcmp)
    _feq                                     0x08003ea5   Thumb Code    14  fcmp.o(x$fpl$fcmp)
    _fneq                                    0x08003eb3   Thumb Code    14  fcmp.o(x$fpl$fcmp)
    __aeabi_fcmpgt                           0x08003ec1   Thumb Code     0  fcmp.o(x$fpl$fcmp)
    _fgr                                     0x08003ec1   Thumb Code    14  fcmp.o(x$fpl$fcmp)
    __aeabi_fcmpge                           0x08003ecf   Thumb Code     0  fcmp.o(x$fpl$fcmp)
    _fgeq                                    0x08003ecf   Thumb Code    14  fcmp.o(x$fpl$fcmp)
    __aeabi_fcmple                           0x08003edd   Thumb Code     0  fcmp.o(x$fpl$fcmp)
    _fleq                                    0x08003edd   Thumb Code    14  fcmp.o(x$fpl$fcmp)
    __aeabi_fcmplt                           0x08003eeb   Thumb Code     0  fcmp.o(x$fpl$fcmp)
    _fls                                     0x08003eeb   Thumb Code    14  fcmp.o(x$fpl$fcmp)
    __fpl_fcmp_Inf                           0x08003ef9   Thumb Code    24  fcmpi.o(x$fpl$fcmpinf)
    __aeabi_cfcmpeq                          0x08003f11   Thumb Code     0  feqf.o(x$fpl$feqf)
    _fcmpeq                                  0x08003f11   Thumb Code   104  feqf.o(x$fpl$feqf)
    __aeabi_f2iz                             0x08003f79   Thumb Code     0  ffix.o(x$fpl$ffix)
    _ffix                                    0x08003f79   Thumb Code    54  ffix.o(x$fpl$ffix)
    __aeabi_i2f                              0x08003fb1   Thumb Code     0  fflt_clz.o(x$fpl$fflt)
    _fflt                                    0x08003fb1   Thumb Code    48  fflt_clz.o(x$fpl$fflt)
    _fcmpge                                  0x08003fe1   Thumb Code   104  fgeqf.o(x$fpl$fgeqf)
    __aeabi_cfcmple                          0x08004049   Thumb Code     0  fleqf.o(x$fpl$fleqf)
    _fcmple                                  0x08004049   Thumb Code   104  fleqf.o(x$fpl$fleqf)
    __fpl_fcmple_InfNaN                      0x0800409b   Thumb Code     0  fleqf.o(x$fpl$fleqf)
    __aeabi_fmul                             0x080040b1   Thumb Code     0  fmul.o(x$fpl$fmul)
    _fmul                                    0x080040b1   Thumb Code   258  fmul.o(x$fpl$fmul)
    __fpl_fnaninf                            0x080041b3   Thumb Code   140  fnaninf.o(x$fpl$fnaninf)
    __fpl_fretinf                            0x0800423f   Thumb Code    10  fretinf.o(x$fpl$fretinf)
    __aeabi_fsub                             0x08004249   Thumb Code     0  faddsub_clz.o(x$fpl$fsub)
    _fsub                                    0x08004249   Thumb Code   234  faddsub_clz.o(x$fpl$fsub)
    __I$use$fp                               0x08004332   Number         0  usenofp.o(x$fpl$usenofp)
    AHBPrescTable                            0x08004344   Data          16  system_stm32f1xx.o(.rodata.AHBPrescTable)
    APBPrescTable                            0x08004354   Data           8  system_stm32f1xx.o(.rodata.APBPrescTable)
    Region$$Table$$Base                      0x08004370   Number         0  anon$$obj.o(Region$$Table)
    Region$$Table$$Limit                     0x08004390   Number         0  anon$$obj.o(Region$$Table)
    uwTickFreq                               0x20000000   Data           1  stm32f1xx_hal.o(.data..L_MergedGlobals)
    uwTickPrio                               0x20000004   Data           4  stm32f1xx_hal.o(.data..L_MergedGlobals)
    DBUS_Time                                0x20000008   Data           1  tim_task.o(.data.DBUS_Time)
    SystemCoreClock                          0x2000000c   Data           4  system_stm32f1xx.o(.data.SystemCoreClock)
    __libspace_start                         0x20000010   Data          96  libspace.o(.bss)
    CAN1RXmessage                            0x20000070   Data           8  can_task.o(.bss..L_MergedGlobals)
    __temporary_stack_top$libspace           0x20000070   Data           0  libspace.o(.bss)
    rx1                                      0x20000078   Data          28  can_task.o(.bss..L_MergedGlobals)
    DBUS                                     0x20000094   Data          18  usart_task.o(.bss.DBUS)
    chassis_cmd                              0x200000a8   Data          12  chassis_task.o(.bss.chassis_cmd)
    chassis_motors                           0x200000b4   Data         560  chassis_task.o(.bss.chassis_motors)
    hcan                                     0x200002e4   Data          40  can.o(.bss.hcan)
    hdma_usart1_tx                           0x2000030c   Data          68  usart.o(.bss.hdma_usart1_tx)
    hdma_usart3_rx                           0x20000350   Data          68  usart.o(.bss.hdma_usart3_rx)
    htim2                                    0x20000394   Data          72  tim.o(.bss.htim2)
    htim4                                    0x200003dc   Data          72  tim.o(.bss.htim4)
    huart1                                   0x20000424   Data          72  usart.o(.bss.huart1)
    huart2                                   0x2000046c   Data          72  usart.o(.bss.huart2)
    huart3                                   0x200004b4   Data          72  usart.o(.bss.huart3)
    remote_t                                 0x200004fc   Data          22  dbus.o(.bss.remote_t)
    uwTick                                   0x20000514   Data           4  stm32f1xx_hal.o(.bss.uwTick)



==============================================================================

Memory Map of the image

  Image Entry point : 0x080000ed

  Load Region LR_IROM1 (Base: 0x08000000, Size: 0x000043a0, Max: 0x00010000, ABSOLUTE)

    Execution Region ER_IROM1 (Exec base: 0x08000000, Load base: 0x08000000, Size: 0x00004390, Max: 0x00010000, ABSOLUTE)

    Exec Addr    Load Addr    Size         Type   Attr      Idx    E Section Name        Object

    0x08000000   0x08000000   0x000000ec   Data   RO            3    RESET               startup_stm32f103xb.o
    0x080000ec   0x080000ec   0x00000008   Code   RO         1126  * !!!main             c_w.l(__main.o)
    0x080000f4   0x080000f4   0x0000005c   Code   RO         1348    !!!scatter          c_w.l(__scatter.o)
    0x08000150   0x08000150   0x0000001a   Code   RO         1352    !!handler_copy      c_w.l(__scatter_copy.o)
    0x0800016a   0x0800016a   0x00000002   PAD
    0x0800016c   0x0800016c   0x00000002   Code   RO         1349    !!handler_null      c_w.l(__scatter.o)
    0x0800016e   0x0800016e   0x00000002   PAD
    0x08000170   0x08000170   0x0000001c   Code   RO         1354    !!handler_zi        c_w.l(__scatter_zi.o)
    0x0800018c   0x0800018c   0x00000002   Code   RO         1210    .ARM.Collect$$libinit$$00000000  c_w.l(libinit.o)
    0x0800018e   0x0800018e   0x00000000   Code   RO         1217    .ARM.Collect$$libinit$$00000002  c_w.l(libinit2.o)
    0x0800018e   0x0800018e   0x00000000   Code   RO         1219    .ARM.Collect$$libinit$$00000004  c_w.l(libinit2.o)
    0x0800018e   0x0800018e   0x00000000   Code   RO         1221    .ARM.Collect$$libinit$$00000006  c_w.l(libinit2.o)
    0x0800018e   0x0800018e   0x00000000   Code   RO         1224    .ARM.Collect$$libinit$$0000000C  c_w.l(libinit2.o)
    0x0800018e   0x0800018e   0x00000000   Code   RO         1226    .ARM.Collect$$libinit$$0000000E  c_w.l(libinit2.o)
    0x0800018e   0x0800018e   0x00000000   Code   RO         1228    .ARM.Collect$$libinit$$00000010  c_w.l(libinit2.o)
    0x0800018e   0x0800018e   0x00000000   Code   RO         1231    .ARM.Collect$$libinit$$00000013  c_w.l(libinit2.o)
    0x0800018e   0x0800018e   0x00000000   Code   RO         1233    .ARM.Collect$$libinit$$00000015  c_w.l(libinit2.o)
    0x0800018e   0x0800018e   0x00000000   Code   RO         1235    .ARM.Collect$$libinit$$00000017  c_w.l(libinit2.o)
    0x0800018e   0x0800018e   0x00000000   Code   RO         1237    .ARM.Collect$$libinit$$00000019  c_w.l(libinit2.o)
    0x0800018e   0x0800018e   0x00000000   Code   RO         1239    .ARM.Collect$$libinit$$0000001B  c_w.l(libinit2.o)
    0x0800018e   0x0800018e   0x00000000   Code   RO         1241    .ARM.Collect$$libinit$$0000001D  c_w.l(libinit2.o)
    0x0800018e   0x0800018e   0x00000000   Code   RO         1243    .ARM.Collect$$libinit$$0000001F  c_w.l(libinit2.o)
    0x0800018e   0x0800018e   0x00000000   Code   RO         1245    .ARM.Collect$$libinit$$00000021  c_w.l(libinit2.o)
    0x0800018e   0x0800018e   0x00000000   Code   RO         1247    .ARM.Collect$$libinit$$00000023  c_w.l(libinit2.o)
    0x0800018e   0x0800018e   0x00000000   Code   RO         1249    .ARM.Collect$$libinit$$00000025  c_w.l(libinit2.o)
    0x0800018e   0x0800018e   0x00000000   Code   RO         1251    .ARM.Collect$$libinit$$00000027  c_w.l(libinit2.o)
    0x0800018e   0x0800018e   0x00000000   Code   RO         1255    .ARM.Collect$$libinit$$0000002E  c_w.l(libinit2.o)
    0x0800018e   0x0800018e   0x00000000   Code   RO         1257    .ARM.Collect$$libinit$$00000030  c_w.l(libinit2.o)
    0x0800018e   0x0800018e   0x00000000   Code   RO         1259    .ARM.Collect$$libinit$$00000032  c_w.l(libinit2.o)
    0x0800018e   0x0800018e   0x00000000   Code   RO         1261    .ARM.Collect$$libinit$$00000034  c_w.l(libinit2.o)
    0x0800018e   0x0800018e   0x00000002   Code   RO         1262    .ARM.Collect$$libinit$$00000035  c_w.l(libinit2.o)
    0x08000190   0x08000190   0x00000002   Code   RO         1284    .ARM.Collect$$libshutdown$$00000000  c_w.l(libshutdown.o)
    0x08000192   0x08000192   0x00000000   Code   RO         1299    .ARM.Collect$$libshutdown$$00000002  c_w.l(libshutdown2.o)
    0x08000192   0x08000192   0x00000000   Code   RO         1301    .ARM.Collect$$libshutdown$$00000004  c_w.l(libshutdown2.o)
    0x08000192   0x08000192   0x00000000   Code   RO         1304    .ARM.Collect$$libshutdown$$00000007  c_w.l(libshutdown2.o)
    0x08000192   0x08000192   0x00000000   Code   RO         1307    .ARM.Collect$$libshutdown$$0000000A  c_w.l(libshutdown2.o)
    0x08000192   0x08000192   0x00000000   Code   RO         1309    .ARM.Collect$$libshutdown$$0000000C  c_w.l(libshutdown2.o)
    0x08000192   0x08000192   0x00000000   Code   RO         1312    .ARM.Collect$$libshutdown$$0000000F  c_w.l(libshutdown2.o)
    0x08000192   0x08000192   0x00000002   Code   RO         1313    .ARM.Collect$$libshutdown$$00000010  c_w.l(libshutdown2.o)
    0x08000194   0x08000194   0x00000000   Code   RO         1168    .ARM.Collect$$rtentry$$00000000  c_w.l(__rtentry.o)
    0x08000194   0x08000194   0x00000000   Code   RO         1185    .ARM.Collect$$rtentry$$00000002  c_w.l(__rtentry2.o)
    0x08000194   0x08000194   0x00000006   Code   RO         1197    .ARM.Collect$$rtentry$$00000004  c_w.l(__rtentry4.o)
    0x0800019a   0x0800019a   0x00000000   Code   RO         1187    .ARM.Collect$$rtentry$$00000009  c_w.l(__rtentry2.o)
    0x0800019a   0x0800019a   0x00000004   Code   RO         1188    .ARM.Collect$$rtentry$$0000000A  c_w.l(__rtentry2.o)
    0x0800019e   0x0800019e   0x00000000   Code   RO         1190    .ARM.Collect$$rtentry$$0000000C  c_w.l(__rtentry2.o)
    0x0800019e   0x0800019e   0x00000008   Code   RO         1191    .ARM.Collect$$rtentry$$0000000D  c_w.l(__rtentry2.o)
    0x080001a6   0x080001a6   0x00000002   Code   RO         1214    .ARM.Collect$$rtexit$$00000000  c_w.l(rtexit.o)
    0x080001a8   0x080001a8   0x00000000   Code   RO         1264    .ARM.Collect$$rtexit$$00000002  c_w.l(rtexit2.o)
    0x080001a8   0x080001a8   0x00000004   Code   RO         1265    .ARM.Collect$$rtexit$$00000003  c_w.l(rtexit2.o)
    0x080001ac   0x080001ac   0x00000006   Code   RO         1266    .ARM.Collect$$rtexit$$00000004  c_w.l(rtexit2.o)
    0x080001b2   0x080001b2   0x00000002   PAD
    0x080001b4   0x080001b4   0x00000040   Code   RO            4    .text               startup_stm32f103xb.o
    0x080001f4   0x080001f4   0x00000006   Code   RO         1124    .text               c_w.l(heapauxi.o)
    0x080001fa   0x080001fa   0x0000004a   Code   RO         1201    .text               c_w.l(sys_stackheap_outer.o)
    0x08000244   0x08000244   0x00000012   Code   RO         1203    .text               c_w.l(exit.o)
    0x08000256   0x08000256   0x00000002   PAD
    0x08000258   0x08000258   0x00000008   Code   RO         1211    .text               c_w.l(libspace.o)
    0x08000260   0x08000260   0x0000000c   Code   RO         1274    .text               c_w.l(sys_exit.o)
    0x0800026c   0x0800026c   0x00000002   Code   RO         1289    .text               c_w.l(use_no_semi.o)
    0x0800026e   0x0800026e   0x00000000   Code   RO         1291    .text               c_w.l(indicate_semi.o)
    0x0800026e   0x0800026e   0x00000002   PAD
    0x08000270   0x08000270   0x00000002   Code   RO          105    .text.BusFault_Handler  stm32f1xx_it.o
    0x08000272   0x08000272   0x00000002   PAD
    0x08000274   0x08000274   0x0000000c   Code   RO          123    .text.CAN1_RX1_IRQHandler  stm32f1xx_it.o
    0x08000280   0x08000280   0x00000062   Code   RO         1034    .text.CAN_Filter_Init  can_task.o
    0x080002e2   0x080002e2   0x00000002   PAD
    0x080002e4   0x080002e4   0x0000005a   Code   RO         1032    .text.CAN_send      can_task.o
    0x0800033e   0x0800033e   0x00000002   PAD
    0x08000340   0x08000340   0x000000c0   Code   RO         1068    .text.Chassis_Simple_Init  chassis_task.o
    0x08000400   0x08000400   0x0000005a   Code   RO         1070    .text.Chassis_Simple_RC_Map  chassis_task.o
    0x0800045a   0x0800045a   0x00000002   PAD
    0x0800045c   0x0800045c   0x00000160   Code   RO         1072    .text.Chassis_Speed  chassis_task.o
    0x080005bc   0x080005bc   0x000000de   Code   RO         1094    .text.DBUS_Resolve  dbus.o
    0x0800069a   0x0800069a   0x00000002   PAD
    0x0800069c   0x0800069c   0x0000000c   Code   RO          117    .text.DMA1_Channel3_IRQHandler  stm32f1xx_it.o
    0x080006a8   0x080006a8   0x0000000c   Code   RO          119    .text.DMA1_Channel4_IRQHandler  stm32f1xx_it.o
    0x080006b4   0x080006b4   0x00000002   Code   RO          111    .text.DebugMon_Handler  stm32f1xx_it.o
    0x080006b6   0x080006b6   0x00000002   PAD
    0x080006b8   0x080006b8   0x0000000a   Code   RO           15    .text.Error_Handler  main.o
    0x080006c2   0x080006c2   0x00000002   PAD
    0x080006c4   0x080006c4   0x0000002e   Code   RO          195    .text.HAL_CAN_ActivateNotification  stm32f1xx_hal_can.o
    0x080006f2   0x080006f2   0x00000002   PAD
    0x080006f4   0x080006f4   0x000000a4   Code   RO          181    .text.HAL_CAN_AddTxMessage  stm32f1xx_hal_can.o
    0x08000798   0x08000798   0x000000ea   Code   RO          171    .text.HAL_CAN_ConfigFilter  stm32f1xx_hal_can.o
    0x08000882   0x08000882   0x00000002   PAD
    0x08000884   0x08000884   0x00000002   Code   RO          225    .text.HAL_CAN_ErrorCallback  stm32f1xx_hal_can.o
    0x08000886   0x08000886   0x00000002   PAD
    0x08000888   0x08000888   0x0000012e   Code   RO          191    .text.HAL_CAN_GetRxMessage  stm32f1xx_hal_can.o
    0x080009b6   0x080009b6   0x00000002   PAD
    0x080009b8   0x080009b8   0x0000025e   Code   RO          199    .text.HAL_CAN_IRQHandler  stm32f1xx_hal_can.o
    0x08000c16   0x08000c16   0x00000002   PAD
    0x08000c18   0x08000c18   0x000000f4   Code   RO          161    .text.HAL_CAN_Init  stm32f1xx_hal_can.o
    0x08000d0c   0x08000d0c   0x0000009e   Code   RO           36    .text.HAL_CAN_MspInit  can.o
    0x08000daa   0x08000daa   0x00000002   PAD
    0x08000dac   0x08000dac   0x00000002   Code   RO          213    .text.HAL_CAN_RxFifo0FullCallback  stm32f1xx_hal_can.o
    0x08000dae   0x08000dae   0x00000002   PAD
    0x08000db0   0x08000db0   0x00000072   Code   RO         1028    .text.HAL_CAN_RxFifo0MsgPendingCallback  can_task.o
    0x08000e22   0x08000e22   0x00000002   PAD
    0x08000e24   0x08000e24   0x00000002   Code   RO          217    .text.HAL_CAN_RxFifo1FullCallback  stm32f1xx_hal_can.o
    0x08000e26   0x08000e26   0x00000002   PAD
    0x08000e28   0x08000e28   0x00000002   Code   RO          219    .text.HAL_CAN_RxFifo1MsgPendingCallback  stm32f1xx_hal_can.o
    0x08000e2a   0x08000e2a   0x00000002   PAD
    0x08000e2c   0x08000e2c   0x00000002   Code   RO          221    .text.HAL_CAN_SleepCallback  stm32f1xx_hal_can.o
    0x08000e2e   0x08000e2e   0x00000002   PAD
    0x08000e30   0x08000e30   0x0000005a   Code   RO          173    .text.HAL_CAN_Start  stm32f1xx_hal_can.o
    0x08000e8a   0x08000e8a   0x00000002   PAD
    0x08000e8c   0x08000e8c   0x00000002   Code   RO          203    .text.HAL_CAN_TxMailbox0AbortCallback  stm32f1xx_hal_can.o
    0x08000e8e   0x08000e8e   0x00000002   PAD
    0x08000e90   0x08000e90   0x00000002   Code   RO          201    .text.HAL_CAN_TxMailbox0CompleteCallback  stm32f1xx_hal_can.o
    0x08000e92   0x08000e92   0x00000002   PAD
    0x08000e94   0x08000e94   0x00000002   Code   RO          207    .text.HAL_CAN_TxMailbox1AbortCallback  stm32f1xx_hal_can.o
    0x08000e96   0x08000e96   0x00000002   PAD
    0x08000e98   0x08000e98   0x00000002   Code   RO          205    .text.HAL_CAN_TxMailbox1CompleteCallback  stm32f1xx_hal_can.o
    0x08000e9a   0x08000e9a   0x00000002   PAD
    0x08000e9c   0x08000e9c   0x00000002   Code   RO          211    .text.HAL_CAN_TxMailbox2AbortCallback  stm32f1xx_hal_can.o
    0x08000e9e   0x08000e9e   0x00000002   PAD
    0x08000ea0   0x08000ea0   0x00000002   Code   RO          209    .text.HAL_CAN_TxMailbox2CompleteCallback  stm32f1xx_hal_can.o
    0x08000ea2   0x08000ea2   0x00000002   PAD
    0x08000ea4   0x08000ea4   0x00000002   Code   RO          223    .text.HAL_CAN_WakeUpFromRxMsgCallback  stm32f1xx_hal_can.o
    0x08000ea6   0x08000ea6   0x00000002   PAD
    0x08000ea8   0x08000ea8   0x00000046   Code   RO          385    .text.HAL_DMA_Abort  stm32f1xx_hal_dma.o
    0x08000eee   0x08000eee   0x00000002   PAD
    0x08000ef0   0x08000ef0   0x000000b6   Code   RO          387    .text.HAL_DMA_Abort_IT  stm32f1xx_hal_dma.o
    0x08000fa6   0x08000fa6   0x00000002   PAD
    0x08000fa8   0x08000fa8   0x000001a0   Code   RO          391    .text.HAL_DMA_IRQHandler  stm32f1xx_hal_dma.o
    0x08001148   0x08001148   0x00000084   Code   RO          377    .text.HAL_DMA_Init  stm32f1xx_hal_dma.o
    0x080011cc   0x080011cc   0x000000a0   Code   RO          383    .text.HAL_DMA_Start_IT  stm32f1xx_hal_dma.o
    0x0800126c   0x0800126c   0x0000020e   Code   RO          353    .text.HAL_GPIO_Init  stm32f1xx_hal_gpio.o
    0x0800147a   0x0800147a   0x00000002   PAD
    0x0800147c   0x0800147c   0x0000000c   Code   RO          253    .text.HAL_GetTick   stm32f1xx_hal.o
    0x08001488   0x08001488   0x0000001a   Code   RO          251    .text.HAL_IncTick   stm32f1xx_hal.o
    0x080014a2   0x080014a2   0x00000002   PAD
    0x080014a4   0x080014a4   0x00000026   Code   RO          241    .text.HAL_Init      stm32f1xx_hal.o
    0x080014ca   0x080014ca   0x00000002   PAD
    0x080014cc   0x080014cc   0x00000048   Code   RO          243    .text.HAL_InitTick  stm32f1xx_hal.o
    0x08001514   0x08001514   0x00000042   Code   RO          138    .text.HAL_MspInit   stm32f1xx_hal_msp.o
    0x08001556   0x08001556   0x00000002   PAD
    0x08001558   0x08001558   0x00000022   Code   RO          413    .text.HAL_NVIC_EnableIRQ  stm32f1xx_hal_cortex.o
    0x0800157a   0x0800157a   0x00000002   PAD
    0x0800157c   0x0800157c   0x00000056   Code   RO          411    .text.HAL_NVIC_SetPriority  stm32f1xx_hal_cortex.o
    0x080015d2   0x080015d2   0x00000002   PAD
    0x080015d4   0x080015d4   0x00000020   Code   RO          409    .text.HAL_NVIC_SetPriorityGrouping  stm32f1xx_hal_cortex.o
    0x080015f4   0x080015f4   0x000001ba   Code   RO          305    .text.HAL_RCC_ClockConfig  stm32f1xx_hal_rcc.o
    0x080017ae   0x080017ae   0x00000002   PAD
    0x080017b0   0x080017b0   0x00000026   Code   RO          317    .text.HAL_RCC_GetPCLK1Freq  stm32f1xx_hal_rcc.o
    0x080017d6   0x080017d6   0x00000002   PAD
    0x080017d8   0x080017d8   0x00000026   Code   RO          319    .text.HAL_RCC_GetPCLK2Freq  stm32f1xx_hal_rcc.o
    0x080017fe   0x080017fe   0x00000002   PAD
    0x08001800   0x08001800   0x00000400   Code   RO          303    .text.HAL_RCC_OscConfig  stm32f1xx_hal_rcc.o
    0x08001c00   0x08001c00   0x0000002c   Code   RO          421    .text.HAL_SYSTICK_Config  stm32f1xx_hal_cortex.o
    0x08001c2c   0x08001c2c   0x00000002   Code   RO          879    .text.HAL_TIMEx_BreakCallback  stm32f1xx_hal_tim_ex.o
    0x08001c2e   0x08001c2e   0x00000002   PAD
    0x08001c30   0x08001c30   0x00000002   Code   RO          875    .text.HAL_TIMEx_CommutCallback  stm32f1xx_hal_tim_ex.o
    0x08001c32   0x08001c32   0x00000002   PAD
    0x08001c34   0x08001c34   0x0000007e   Code   RO          869    .text.HAL_TIMEx_MasterConfigSynchronization  stm32f1xx_hal_tim_ex.o
    0x08001cb2   0x08001cb2   0x00000002   PAD
    0x08001cb4   0x08001cb4   0x000000fa   Code   RO          574    .text.HAL_TIM_Base_Init  stm32f1xx_hal_tim.o
    0x08001dae   0x08001dae   0x00000002   PAD
    0x08001db0   0x08001db0   0x00000074   Code   RO           62    .text.HAL_TIM_Base_MspInit  tim.o
    0x08001e24   0x08001e24   0x0000006e   Code   RO          588    .text.HAL_TIM_Base_Start_IT  stm32f1xx_hal_tim.o
    0x08001e92   0x08001e92   0x00000002   PAD
    0x08001e94   0x08001e94   0x000001a0   Code   RO          754    .text.HAL_TIM_ConfigClockSource  stm32f1xx_hal_tim.o
    0x08002034   0x08002034   0x00000002   Code   RO          710    .text.HAL_TIM_IC_CaptureCallback  stm32f1xx_hal_tim.o
    0x08002036   0x08002036   0x00000002   PAD
    0x08002038   0x08002038   0x0000014e   Code   RO          708    .text.HAL_TIM_IRQHandler  stm32f1xx_hal_tim.o
    0x08002186   0x08002186   0x00000002   PAD
    0x08002188   0x08002188   0x00000002   Code   RO          712    .text.HAL_TIM_OC_DelayElapsedCallback  stm32f1xx_hal_tim.o
    0x0800218a   0x0800218a   0x00000002   PAD
    0x0800218c   0x0800218c   0x00000002   Code   RO          714    .text.HAL_TIM_PWM_PulseFinishedCallback  stm32f1xx_hal_tim.o
    0x0800218e   0x0800218e   0x00000002   PAD
    0x08002190   0x08002190   0x00000066   Code   RO         1046    .text.HAL_TIM_PeriodElapsedCallback  tim_task.o
    0x080021f6   0x080021f6   0x00000002   PAD
    0x080021f8   0x080021f8   0x00000002   Code   RO          718    .text.HAL_TIM_TriggerCallback  stm32f1xx_hal_tim.o
    0x080021fa   0x080021fa   0x00000002   PAD
    0x080021fc   0x080021fc   0x00000002   Code   RO          977    .text.HAL_UARTEx_RxEventCallback  stm32f1xx_hal_uart.o
    0x080021fe   0x080021fe   0x00000002   PAD
    0x08002200   0x08002200   0x00000002   Code   RO          975    .text.HAL_UART_ErrorCallback  stm32f1xx_hal_uart.o
    0x08002202   0x08002202   0x00000002   PAD
    0x08002204   0x08002204   0x00000570   Code   RO          969    .text.HAL_UART_IRQHandler  stm32f1xx_hal_uart.o
    0x08002774   0x08002774   0x000000e2   Code   RO          893    .text.HAL_UART_Init  stm32f1xx_hal_uart.o
    0x08002856   0x08002856   0x00000002   PAD
    0x08002858   0x08002858   0x000001e6   Code   RO           82    .text.HAL_UART_MspInit  usart.o
    0x08002a3e   0x08002a3e   0x00000002   PAD
    0x08002a40   0x08002a40   0x0000016c   Code   RO          925    .text.HAL_UART_Receive_DMA  stm32f1xx_hal_uart.o
    0x08002bac   0x08002bac   0x0000003e   Code   RO         1058    .text.HAL_UART_RxCpltCallback  usart_task.o
    0x08002bea   0x08002bea   0x00000002   PAD
    0x08002bec   0x08002bec   0x00000002   Code   RO          985    .text.HAL_UART_RxHalfCpltCallback  stm32f1xx_hal_uart.o
    0x08002bee   0x08002bee   0x00000002   PAD
    0x08002bf0   0x08002bf0   0x00000002   Code   RO          979    .text.HAL_UART_TxCpltCallback  stm32f1xx_hal_uart.o
    0x08002bf2   0x08002bf2   0x00000002   PAD
    0x08002bf4   0x08002bf4   0x00000002   Code   RO          101    .text.HardFault_Handler  stm32f1xx_it.o
    0x08002bf6   0x08002bf6   0x00000002   PAD
    0x08002bf8   0x08002bf8   0x00000042   Code   RO           34    .text.MX_CAN_Init   can.o
    0x08002c3a   0x08002c3a   0x00000002   PAD
    0x08002c3c   0x08002c3c   0x00000044   Code   RO           49    .text.MX_DMA_Init   dma.o
    0x08002c80   0x08002c80   0x00000044   Code   RO           26    .text.MX_GPIO_Init  gpio.o
    0x08002cc4   0x08002cc4   0x00000070   Code   RO           58    .text.MX_TIM2_Init  tim.o
    0x08002d34   0x08002d34   0x00000074   Code   RO           60    .text.MX_TIM4_Init  tim.o
    0x08002da8   0x08002da8   0x0000003c   Code   RO           76    .text.MX_USART1_UART_Init  usart.o
    0x08002de4   0x08002de4   0x00000040   Code   RO           78    .text.MX_USART2_UART_Init  usart.o
    0x08002e24   0x08002e24   0x00000048   Code   RO           80    .text.MX_USART3_UART_Init  usart.o
    0x08002e6c   0x08002e6c   0x00000002   Code   RO          103    .text.MemManage_Handler  stm32f1xx_it.o
    0x08002e6e   0x08002e6e   0x00000002   PAD
    0x08002e70   0x08002e70   0x00000026   Code   RO         1107    .text.MotorResolve  motor.o
    0x08002e96   0x08002e96   0x00000002   PAD
    0x08002e98   0x08002e98   0x00000002   Code   RO           99    .text.NMI_Handler   stm32f1xx_it.o
    0x08002e9a   0x08002e9a   0x00000002   PAD
    0x08002e9c   0x08002e9c   0x0000001c   Code   RO         1111    .text.PID_Init      motor.o
    0x08002eb8   0x08002eb8   0x00000130   Code   RO         1113    .text.PID_control   motor.o
    0x08002fe8   0x08002fe8   0x00000002   Code   RO          113    .text.PendSV_Handler  stm32f1xx_it.o
    0x08002fea   0x08002fea   0x00000002   PAD
    0x08002fec   0x08002fec   0x00000002   Code   RO          109    .text.SVC_Handler   stm32f1xx_it.o
    0x08002fee   0x08002fee   0x00000002   PAD
    0x08002ff0   0x08002ff0   0x00000004   Code   RO          115    .text.SysTick_Handler  stm32f1xx_it.o
    0x08002ff4   0x08002ff4   0x00000002   Code   RO         1013    .text.SystemInit    system_stm32f1xx.o
    0x08002ff6   0x08002ff6   0x00000002   PAD
    0x08002ff8   0x08002ff8   0x0000000c   Code   RO          125    .text.TIM2_IRQHandler  stm32f1xx_it.o
    0x08003004   0x08003004   0x0000000c   Code   RO          127    .text.TIM4_IRQHandler  stm32f1xx_it.o
    0x08003010   0x08003010   0x0000000c   Code   RO          973    .text.UART_DMAAbortOnError  stm32f1xx_hal_uart.o
    0x0800301c   0x0800301c   0x0000017c   Code   RO          923    .text.UART_DMAError  stm32f1xx_hal_uart.o
    0x08003198   0x08003198   0x0000015e   Code   RO         1001    .text.UART_DMAReceiveCplt  stm32f1xx_hal_uart.o
    0x080032f6   0x080032f6   0x00000002   PAD
    0x080032f8   0x080032f8   0x00000018   Code   RO         1003    .text.UART_DMARxHalfCplt  stm32f1xx_hal_uart.o
    0x08003310   0x08003310   0x000000fe   Code   RO          971    .text.UART_Receive_IT  stm32f1xx_hal_uart.o
    0x0800340e   0x0800340e   0x00000002   PAD
    0x08003410   0x08003410   0x0000000c   Code   RO          129    .text.USART1_IRQHandler  stm32f1xx_it.o
    0x0800341c   0x0800341c   0x0000000c   Code   RO          121    .text.USB_LP_CAN1_RX0_IRQHandler  stm32f1xx_it.o
    0x08003428   0x08003428   0x00000002   Code   RO          107    .text.UsageFault_Handler  stm32f1xx_it.o
    0x0800342a   0x0800342a   0x00000002   PAD
    0x0800342c   0x0800342c   0x000000b6   Code   RO           11    .text.main          main.o
    0x080034e2   0x080034e2   0x00000002   PAD
    0x080034e4   0x080034e4   0x00000062   Code   RO         1128    x$fpl$d2f           fz_ws.l(d2f.o)
    0x08003546   0x08003546   0x00000002   PAD
    0x08003548   0x08003548   0x00000150   Code   RO         1130    x$fpl$dadd          fz_ws.l(daddsub_clz.o)
    0x08003698   0x08003698   0x000002b8   Code   RO         1137    x$fpl$ddiv          fz_ws.l(ddiv.o)
    0x08003950   0x08003950   0x0000005e   Code   RO         1140    x$fpl$dfix          fz_ws.l(dfix.o)
    0x080039ae   0x080039ae   0x00000002   PAD
    0x080039b0   0x080039b0   0x00000154   Code   RO         1144    x$fpl$dmul          fz_ws.l(dmul.o)
    0x08003b04   0x08003b04   0x0000009c   Code   RO         1169    x$fpl$dnaninf       fz_ws.l(dnaninf.o)
    0x08003ba0   0x08003ba0   0x0000000c   Code   RO         1171    x$fpl$dretinf       fz_ws.l(dretinf.o)
    0x08003bac   0x08003bac   0x000001dc   Code   RO         1132    x$fpl$dsub          fz_ws.l(daddsub_clz.o)
    0x08003d88   0x08003d88   0x00000056   Code   RO         1146    x$fpl$f2d           fz_ws.l(f2d.o)
    0x08003dde   0x08003dde   0x00000002   PAD
    0x08003de0   0x08003de0   0x000000c4   Code   RO         1148    x$fpl$fadd          fz_ws.l(faddsub_clz.o)
    0x08003ea4   0x08003ea4   0x00000054   Code   RO         1154    x$fpl$fcmp          fz_ws.l(fcmp.o)
    0x08003ef8   0x08003ef8   0x00000018   Code   RO         1199    x$fpl$fcmpinf       fz_ws.l(fcmpi.o)
    0x08003f10   0x08003f10   0x00000068   Code   RO         1173    x$fpl$feqf          fz_ws.l(feqf.o)
    0x08003f78   0x08003f78   0x00000036   Code   RO         1156    x$fpl$ffix          fz_ws.l(ffix.o)
    0x08003fae   0x08003fae   0x00000002   PAD
    0x08003fb0   0x08003fb0   0x00000030   Code   RO         1161    x$fpl$fflt          fz_ws.l(fflt_clz.o)
    0x08003fe0   0x08003fe0   0x00000068   Code   RO         1175    x$fpl$fgeqf         fz_ws.l(fgeqf.o)
    0x08004048   0x08004048   0x00000068   Code   RO         1177    x$fpl$fleqf         fz_ws.l(fleqf.o)
    0x080040b0   0x080040b0   0x00000102   Code   RO         1166    x$fpl$fmul          fz_ws.l(fmul.o)
    0x080041b2   0x080041b2   0x0000008c   Code   RO         1179    x$fpl$fnaninf       fz_ws.l(fnaninf.o)
    0x0800423e   0x0800423e   0x0000000a   Code   RO         1181    x$fpl$fretinf       fz_ws.l(fretinf.o)
    0x08004248   0x08004248   0x000000ea   Code   RO         1150    x$fpl$fsub          fz_ws.l(faddsub_clz.o)
    0x08004332   0x08004332   0x00000000   Code   RO         1183    x$fpl$usenofp       fz_ws.l(usenofp.o)
    0x08004332   0x08004332   0x00000002   PAD
    0x08004334   0x08004334   0x00000010   Data   RO         1036    .rodata..Lswitch.table.CAN_Calc  can_task.o
    0x08004344   0x08004344   0x00000010   Data   RO         1018    .rodata.AHBPrescTable  system_stm32f1xx.o
    0x08004354   0x08004354   0x00000008   Data   RO         1019    .rodata.APBPrescTable  system_stm32f1xx.o
    0x0800435c   0x0800435c   0x00000002   Data   RO          330    .rodata.HAL_RCC_GetSysClockFreq.aPredivFactorTable  stm32f1xx_hal_rcc.o
    0x0800435e   0x0800435e   0x00000010   Data   RO          329    .rodata.cst16       stm32f1xx_hal_rcc.o
    0x0800436e   0x0800436e   0x00000002   PAD
    0x08004370   0x08004370   0x00000020   Data   RO         1347    Region$$Table       anon$$obj.o


    Execution Region RW_IRAM1 (Exec base: 0x20000000, Load base: 0x08004390, Size: 0x00000b18, Max: 0x00005000, ABSOLUTE)

    Exec Addr    Load Addr    Size         Type   Attr      Idx    E Section Name        Object

    0x20000000   0x08004390   0x00000008   Data   RW          292    .data..L_MergedGlobals  stm32f1xx_hal.o
    0x20000008   0x08004398   0x00000001   Data   RW         1050    .data.DBUS_Time     tim_task.o
    0x20000009   0x08004399   0x00000003   PAD
    0x2000000c   0x0800439c   0x00000004   Data   RW         1017    .data.SystemCoreClock  system_stm32f1xx.o
    0x20000010        -       0x00000060   Zero   RW         1212    .bss                c_w.l(libspace.o)
    0x20000070        -       0x00000024   Zero   RW         1037    .bss..L_MergedGlobals  can_task.o
    0x20000094        -       0x00000012   Zero   RW         1060    .bss.DBUS           usart_task.o
    0x200000a6   0x080043a0   0x00000002   PAD
    0x200000a8        -       0x0000000c   Zero   RW         1074    .bss.chassis_cmd    chassis_task.o
    0x200000b4        -       0x00000230   Zero   RW         1075    .bss.chassis_motors  chassis_task.o
    0x200002e4        -       0x00000028   Zero   RW           40    .bss.hcan           can.o
    0x2000030c        -       0x00000044   Zero   RW           89    .bss.hdma_usart1_tx  usart.o
    0x20000350        -       0x00000044   Zero   RW           90    .bss.hdma_usart3_rx  usart.o
    0x20000394        -       0x00000048   Zero   RW           66    .bss.htim2          tim.o
    0x200003dc        -       0x00000048   Zero   RW           67    .bss.htim4          tim.o
    0x20000424        -       0x00000048   Zero   RW           86    .bss.huart1         usart.o
    0x2000046c        -       0x00000048   Zero   RW           87    .bss.huart2         usart.o
    0x200004b4        -       0x00000048   Zero   RW           88    .bss.huart3         usart.o
    0x200004fc        -       0x00000016   Zero   RW         1098    .bss.remote_t       dbus.o
    0x20000512   0x080043a0   0x00000002   PAD
    0x20000514        -       0x00000004   Zero   RW          291    .bss.uwTick         stm32f1xx_hal.o
    0x20000518        -       0x00000200   Zero   RW            2    HEAP                startup_stm32f103xb.o
    0x20000718        -       0x00000400   Zero   RW            1    STACK               startup_stm32f103xb.o


==============================================================================

Image component sizes


      Code (inc. data)   RO Data    RW Data    ZI Data      Debug   Object Name

       224          0          0          0         40       4911   can.o
       302          0         16          0         36       5529   can_task.o
       634          0          0          0        572       2406   chassis_task.o
       222          0          0          0         22       1321   dbus.o
        68          0          0          0          0       2169   dma.o
        68          0          0          0          0        934   gpio.o
       192          0          0          0          0       4107   main.o
       370          0          0          0          0       2060   motor.o
        64         26        236          0       1536        784   startup_stm32f103xb.o
       148          0          0          8          4       5752   stm32f1xx_hal.o
      1710          6          0          0          0      13856   stm32f1xx_hal_can.o
       196          0          0          0          0       8407   stm32f1xx_hal_cortex.o
       960          0          0          0          0       8555   stm32f1xx_hal_dma.o
       526         22          0          0          0       4749   stm32f1xx_hal_gpio.o
        66          0          0          0          0       1193   stm32f1xx_hal_msp.o
      1542          0         18          0          0       8060   stm32f1xx_hal_rcc.o
      1118          0          0          0          0      58564   stm32f1xx_hal_tim.o
       130          0          0          0          0      21205   stm32f1xx_hal_tim_ex.o
      3010          0          0          0          0      33145   stm32f1xx_hal_uart.o
       104          0          0          0          0       7705   stm32f1xx_it.o
         2          0         24          4          0       1571   system_stm32f1xx.o
       344          0          0          0        144       6311   tim.o
       102          0          0          1          0       3896   tim_task.o
       682          0          0          0        352       6404   usart.o
        62          0          0          0         18       3210   usart_task.o

    ----------------------------------------------------------------------
     12980         54        328         16       2728     216804   Object Totals
         0          0         32          0          0          0   (incl. Generated)
       134          0          2          3          4          0   (incl. Padding)

    ----------------------------------------------------------------------

      Code (inc. data)   RO Data    RW Data    ZI Data      Debug   Library Member Name

         8          0          0          0          0         68   __main.o
         0          0          0          0          0          0   __rtentry.o
        12          0          0          0          0          0   __rtentry2.o
         6          0          0          0          0          0   __rtentry4.o
        94          8          0          0          0          0   __scatter.o
        26          0          0          0          0          0   __scatter_copy.o
        28          0          0          0          0          0   __scatter_zi.o
        18          0          0          0          0         80   exit.o
         6          0          0          0          0        152   heapauxi.o
         0          0          0          0          0          0   indicate_semi.o
         2          0          0          0          0          0   libinit.o
         2          0          0          0          0          0   libinit2.o
         2          0          0          0          0          0   libshutdown.o
         2          0          0          0          0          0   libshutdown2.o
         8          4          0          0         96         68   libspace.o
         2          0          0          0          0          0   rtexit.o
        10          0          0          0          0          0   rtexit2.o
        12          4          0          0          0         68   sys_exit.o
        74          0          0          0          0         80   sys_stackheap_outer.o
         2          0          0          0          0         68   use_no_semi.o
        98          4          0          0          0         92   d2f.o
       812         16          0          0          0        296   daddsub_clz.o
       696        140          0          0          0        216   ddiv.o
        94          4          0          0          0         92   dfix.o
       340         12          0          0          0        104   dmul.o
       156          4          0          0          0         92   dnaninf.o
        12          0          0          0          0         68   dretinf.o
        86          4          0          0          0         84   f2d.o
       430          8          0          0          0        168   faddsub_clz.o
        84          0          0          0          0        196   fcmp.o
        24          0          0          0          0         68   fcmpi.o
       104          4          0          0          0         84   feqf.o
        54          4          0          0          0         84   ffix.o
        48          0          0          0          0         68   fflt_clz.o
       104          4          0          0          0         84   fgeqf.o
       104          4          0          0          0         84   fleqf.o
       258          4          0          0          0         84   fmul.o
       140          4          0          0          0         84   fnaninf.o
        10          0          0          0          0         68   fretinf.o
         0          0          0          0          0          0   usenofp.o

    ----------------------------------------------------------------------
      3988        232          0          0         96       2700   Library Totals
        20          0          0          0          0          0   (incl. Padding)

    ----------------------------------------------------------------------

      Code (inc. data)   RO Data    RW Data    ZI Data      Debug   Library Name

       314         16          0          0         96        584   c_w.l
      3654        216          0          0          0       2116   fz_ws.l

    ----------------------------------------------------------------------
      3988        232          0          0         96       2700   Library Totals

    ----------------------------------------------------------------------

==============================================================================


      Code (inc. data)   RO Data    RW Data    ZI Data      Debug   

     16968        286        328         16       2824     217912   Grand Totals
     16968        286        328         16       2824     217912   ELF Image Totals
     16968        286        328         16          0          0   ROM Totals

==============================================================================

    Total RO  Size (Code + RO Data)                17296 (  16.89kB)
    Total RW  Size (RW Data + ZI Data)              2840 (   2.77kB)
    Total ROM Size (Code + RO Data + RW Data)      17312 (  16.91kB)

==============================================================================

